Aug 30 14:32:17 spark-6f0e kernel: docker0: port 1(veth672f023) entered blocking state
Aug 30 14:32:17 spark-6f0e kernel: docker0: port 1(veth672f023) entered disabled state
Aug 30 14:32:17 spark-6f0e kernel: veth672f023: entered allmulticast mode
Aug 30 14:32:17 spark-6f0e kernel: veth672f023: entered promiscuous mode
Aug 30 14:32:17 spark-6f0e kernel: eth0: renamed from veth04edd92
Aug 30 14:32:17 spark-6f0e kernel: docker0: port 1(veth672f023) entered blocking state
Aug 30 14:32:17 spark-6f0e kernel: docker0: port 1(veth672f023) entered forwarding state
Aug 30 14:32:17 spark-6f0e kernel: docker0: port 1(veth672f023) entered disabled state
Aug 30 14:32:17 spark-6f0e kernel: veth04edd92: renamed from eth0
Aug 30 14:32:17 spark-6f0e kernel: docker0: port 1(veth672f023) entered disabled state
Aug 30 14:32:17 spark-6f0e kernel: veth672f023 (unregistering): left allmulticast mode
Aug 30 14:32:17 spark-6f0e kernel: veth672f023 (unregistering): left promiscuous mode
Aug 30 14:32:17 spark-6f0e kernel: docker0: port 1(veth672f023) entered disabled state
Aug 30 14:32:20 spark-6f0e kernel: tee (380141): drop_caches: 3
Aug 30 14:38:00 spark-6f0e kernel: NVRM: nvCheckOkFailedNoLog: Check failed: Out of memory [NV_ERR_NO_MEMORY] (0x00000051) returned from _memdescAllocInternal(pMemDesc) @ mem_desc.c:1359
Aug 30 14:42:34 spark-6f0e kernel: audit: type=1400 audit(1788126154.710:225): apparmor="DENIED" operation="capable" class="cap" profile="ubuntu_pro_esm_cache_systemd_detect_virt" pid=410561 comm="systemd-detect-" capability=38  capname="perfmon"
Aug 30 14:42:34 spark-6f0e kernel: audit: type=1400 audit(1788126154.713:226): apparmor="DENIED" operation="capable" class="cap" profile="ubuntu_pro_esm_cache//cloud_id" pid=410506 comm="cloud-id" capability=38  capname="perfmon"
Aug 30 14:49:48 spark-6f0e kernel: NVRM: nvCheckOkFailedNoLog: Check failed: Out of memory [NV_ERR_NO_MEMORY] (0x00000051) returned from _memdescAllocInternal(pMemDesc) @ mem_desc.c:1359
Aug 30 14:49:48 spark-6f0e kernel: NVRM: nvCheckOkFailedNoLog: Check failed: Out of memory [NV_ERR_NO_MEMORY] (0x00000051) returned from _memdescAllocInternal(pMemDesc) @ mem_desc.c:1359
Aug 30 14:49:48 spark-6f0e kernel: NVRM: nvCheckOkFailedNoLog: Check failed: Out of memory [NV_ERR_NO_MEMORY] (0x00000051) returned from _memdescAllocInternal(pMemDesc) @ mem_desc.c:1359
Aug 30 14:49:48 spark-6f0e kernel: NVRM: nvCheckOkFailedNoLog: Check failed: Out of memory [NV_ERR_NO_MEMORY] (0x00000051) returned from _memdescAllocInternal(pMemDesc) @ mem_desc.c:1359
Aug 30 14:49:48 spark-6f0e kernel: NVRM: nvCheckOkFailedNoLog: Check failed: Out of memory [NV_ERR_NO_MEMORY] (0x00000051) returned from _memdescAllocInternal(pMemDesc) @ mem_desc.c:1359
Aug 30 14:49:49 spark-6f0e kernel: NVRM: nvCheckOkFailedNoLog: Check failed: Out of memory [NV_ERR_NO_MEMORY] (0x00000051) returned from _memdescAllocInternal(pMemDesc) @ mem_desc.c:1359
Aug 30 15:00:40 spark-6f0e kernel: audit: type=1400 audit(1788127240.705:227): apparmor="DENIED" operation="open" class="file" profile="snap.firmware-updater.firmware-notifier" name="/proc/sys/vm/max_map_count" pid=482948 comm="firmware-notifi" requested_mask="r" denied_mask="r" fsuid=1000 ouid=0
