13:11:07 3172 121437 314 load: 0.12, 0.46, 12.21
13:11:27 3177 121433 314 load: 0.08, 0.43, 11.94
13:11:37 2817 121792 313 load: 0.07, 0.42, 11.82
13:11:57 4897 119713 313 load: 1.76, 0.79, 11.70
13:12:07 5604 119005 313 load: 1.81, 0.83, 11.59
13:12:27 31661 92948 313 load: 1.80, 0.89, 11.38
13:12:37 40643 83967 313 load: 1.68, 0.90, 11.27
13:12:57 40851 83759 313 load: 1.56, 0.92, 11.06
13:13:07 38266 86343 313 load: 1.48, 0.92, 10.95
13:13:27 41860 82749 313 load: 1.47, 0.96, 10.75
13:13:37 41878 82731 313 load: 1.39, 0.96, 10.64
13:13:57 42381 82228 313 load: 1.28, 0.97, 10.43
13:14:07 38658 85951 313 load: 1.24, 0.97, 10.33
13:14:27 102711 21898 313 load: 1.30, 1.00, 10.14
13:14:37 103000 21610 313 load: 1.26, 1.00, 10.04
13:14:57 102643 21966 313 load: 1.47, 1.07, 9.87
13:15:07 103044 21566 313 load: 1.40, 1.06, 9.78
13:15:27 102825 21784 313 load: 1.28, 1.06, 9.59
13:15:37 102798 21811 313 load: 1.24, 1.06, 9.50
13:15:57 103933 20676 313 load: 1.17, 1.05, 9.31
13:16:07 103918 20691 313 load: 1.14, 1.05, 9.22
13:16:27 103910 20699 313 load: 1.10, 1.05, 9.05
13:16:37 103911 20698 313 load: 1.31, 1.09, 8.98
13:16:57 103927 20682 313 load: 1.37, 1.12, 8.82
13:17:07 103914 20695 313 load: 1.31, 1.11, 8.73
13:17:27 105815 18794 326 load: 1.22, 1.11, 8.57
13:17:37 105835 18774 326 load: 1.19, 1.10, 8.49
13:17:57 105844 18765 326 load: 1.45, 1.16, 8.35
13:18:07 105846 18763 326 load: 1.38, 1.16, 8.27
13:18:27 105842 18768 326 load: 1.27, 1.14, 8.11
13:18:37 105847 18762 326 load: 1.23, 1.14, 8.04
13:18:57 105848 18761 326 load: 1.16, 1.13, 7.88
13:19:07 105850 18760 326 load: 1.14, 1.13, 7.81
13:19:27 105857 18752 326 load: 1.39, 1.18, 7.69
13:19:37 105853 18756 326 load: 1.33, 1.17, 7.61
13:19:57 105848 18761 326 load: 1.24, 1.16, 7.47
13:20:07 97956 26653 326 load: 1.20, 1.16, 7.40
13:20:27 98078 26531 326 load: 1.14, 1.15, 7.26
13:20:37 98222 26387 326 load: 1.12, 1.14, 7.20
13:20:57 98550 26059 326 load: 1.08, 1.13, 7.06
13:21:07 98561 26048 326 load: 1.07, 1.13, 7.00
13:21:27 102995 21614 326 load: 1.12, 1.13, 6.87
13:21:37 99198 25411 326 load: 1.10, 1.13, 6.81
13:21:57 99198 25411 326 load: 1.14, 1.14, 6.69
13:22:07 99214 25396 326 load: 1.12, 1.13, 6.63
13:22:27 99204 25405 326 load: 1.09, 1.12, 6.51
13:22:37 108173 16437 326 load: 1.22, 1.15, 6.46
13:22:57 108177 16432 326 load: 1.16, 1.14, 6.34
13:23:07 108219 16390 326 load: 1.21, 1.15, 6.29
13:23:27 96581 28028 326 load: 1.15, 1.14, 6.18
13:23:37 96297 28312 326 load: 1.12, 1.14, 6.12
13:23:57 98403 26206 326 load: 1.13, 1.14, 6.02
13:24:08 98369 26240 326 load: 0.96, 1.10, 5.95
13:24:28 112735 11875 326 load: 1.02, 1.11, 5.85
13:24:38 112377 12232 326 load: 1.02, 1.11, 5.80
13:24:58 111981 12629 326 load: 1.01, 1.10, 5.69
13:25:08 111888 12721 326 load: 1.01, 1.10, 5.64
13:25:28 111739 12870 326 load: 1.07, 1.10, 5.55
13:25:38 111708 12901 326 load: 0.98, 1.08, 5.49
13:25:58 111689 12920 326 load: 1.05, 1.09, 5.40
13:26:08 111696 12913 326 load: 1.04, 1.09, 5.36
13:26:28 111711 12899 326 load: 1.03, 1.08, 5.26
13:26:38 111695 12915 326 load: 0.94, 1.06, 5.21
13:26:58 111691 12918 326 load: 0.96, 1.06, 5.12
13:27:08 111687 12922 326 load: 1.05, 1.07, 5.08
13:27:28 111685 12924 326 load: 1.03, 1.07, 4.99
13:27:38 111678 12931 326 load: 0.95, 1.05, 4.94
13:27:58 111695 12914 326 load: 0.88, 1.03, 4.85
13:28:08 111699 12911 326 load: 0.90, 1.03, 4.81
13:28:28 120957 3652 326 load: 0.93, 1.02, 4.73
13:28:28 ABORT_SIGNAL available=3652MB
13:28:38 120941 3668 326 load: 1.10, 1.06, 4.70
13:28:38 ABORT_SIGNAL available=3668MB
13:28:58 122362 2247 326 load: 1.45, 1.15, 4.65
13:28:58 ABORT_SIGNAL available=2247MB
13:29:08 122358 2251 326 load: 1.38, 1.14, 4.61
13:29:08 ABORT_SIGNAL available=2251MB
13:29:28 122381 2228 326 load: 1.33, 1.15, 4.54
13:29:28 ABORT_SIGNAL available=2228MB
13:29:38 122388 2221 326 load: 1.28, 1.14, 4.50
13:29:38 ABORT_SIGNAL available=2221MB
13:29:58 123102 1507 349 load: 1.20, 1.13, 4.43
13:29:58 ABORT_SIGNAL available=1507MB
13:30:08 123118 1491 349 load: 1.25, 1.14, 4.39
13:30:08 ABORT_SIGNAL available=1491MB
13:30:28 123132 1477 349 load: 1.26, 1.15, 4.33
13:30:28 ABORT_SIGNAL available=1477MB
13:30:38 123173 1436 349 load: 1.22, 1.15, 4.29
13:30:38 ABORT_SIGNAL available=1436MB
13:30:58 123181 1428 349 load: 1.16, 1.14, 4.22
13:30:58 ABORT_SIGNAL available=1428MB
13:31:08 123189 1420 349 load: 1.21, 1.15, 4.19
13:31:08 ABORT_SIGNAL available=1420MB
13:31:28 123185 1424 349 load: 1.15, 1.14, 4.12
13:31:28 ABORT_SIGNAL available=1424MB
13:31:38 123179 1430 349 load: 1.20, 1.15, 4.09
13:31:38 ABORT_SIGNAL available=1430MB
13:31:58 123178 1431 349 load: 1.14, 1.14, 4.03
13:31:58 ABORT_SIGNAL available=1431MB
13:32:08 123184 1425 349 load: 1.12, 1.13, 3.99
13:32:08 ABORT_SIGNAL available=1425MB
13:32:28 123188 1421 349 load: 1.08, 1.12, 3.93
13:32:28 ABORT_SIGNAL available=1421MB
13:32:38 123180 1429 349 load: 1.14, 1.14, 3.90
13:32:38 ABORT_SIGNAL available=1429MB
13:32:58 123179 1431 349 load: 1.10, 1.13, 3.84
13:32:58 ABORT_SIGNAL available=1431MB
13:33:08 123181 1429 349 load: 1.09, 1.12, 3.81
13:33:08 ABORT_SIGNAL available=1429MB
13:33:28 123190 1420 349 load: 1.13, 1.13, 3.75
13:33:28 ABORT_SIGNAL available=1420MB
13:33:38 123187 1422 349 load: 1.19, 1.14, 3.73
13:33:38 ABORT_SIGNAL available=1422MB
13:33:58 123193 1416 349 load: 1.14, 1.13, 3.67
13:33:58 ABORT_SIGNAL available=1416MB
13:34:08 123184 1425 349 load: 1.12, 1.13, 3.64
13:34:08 ABORT_SIGNAL available=1425MB
13:34:28 123190 1419 349 load: 1.08, 1.12, 3.58
13:34:28 ABORT_SIGNAL available=1419MB
13:34:38 123184 1425 349 load: 1.07, 1.11, 3.55
13:34:38 ABORT_SIGNAL available=1425MB
13:34:58 123184 1425 349 load: 1.05, 1.11, 3.50
13:34:58 ABORT_SIGNAL available=1425MB
13:35:08 123181 1429 349 load: 1.04, 1.10, 3.47
13:35:08 ABORT_SIGNAL available=1429MB
13:35:28 123175 1434 349 load: 1.03, 1.09, 3.42
13:35:28 ABORT_SIGNAL available=1434MB
13:35:38 123182 1427 349 load: 1.02, 1.09, 3.39
13:35:38 ABORT_SIGNAL available=1427MB
13:35:58 123183 1426 349 load: 1.02, 1.08, 3.34
13:35:58 ABORT_SIGNAL available=1426MB
13:36:08 123186 1423 349 load: 1.09, 1.10, 3.32
13:36:08 ABORT_SIGNAL available=1423MB
13:36:28 123187 1422 349 load: 1.14, 1.11, 3.27
13:36:28 ABORT_SIGNAL available=1422MB
13:36:38 123194 1415 349 load: 1.12, 1.10, 3.25
13:36:38 ABORT_SIGNAL available=1415MB
13:36:58 123188 1421 349 load: 1.08, 1.10, 3.20
13:36:58 ABORT_SIGNAL available=1421MB
13:37:08 123192 1417 349 load: 1.07, 1.09, 3.18
13:37:08 ABORT_SIGNAL available=1417MB
13:37:28 123185 1424 349 load: 1.12, 1.10, 3.13
13:37:28 ABORT_SIGNAL available=1424MB
13:37:39 123190 1419 349 load: 1.10, 1.10, 3.11
13:37:39 ABORT_SIGNAL available=1419MB
13:37:59 123197 1412 349 load: 1.07, 1.09, 3.06
13:37:59 ABORT_SIGNAL available=1412MB
13:38:09 123191 1418 349 load: 1.06, 1.09, 3.04
13:38:09 ABORT_SIGNAL available=1418MB
13:38:29 123189 1420 349 load: 1.04, 1.08, 3.00
13:38:29 ABORT_SIGNAL available=1420MB
13:38:39 123195 1414 349 load: 1.04, 1.08, 2.98
13:38:39 ABORT_SIGNAL available=1414MB
13:38:59 123188 1421 349 load: 1.24, 1.12, 2.95
13:38:59 ABORT_SIGNAL available=1421MB
13:39:09 123179 1430 349 load: 1.20, 1.12, 2.93
13:39:09 ABORT_SIGNAL available=1430MB
13:39:29 123175 1435 349 load: 1.21, 1.12, 2.89
13:39:29 ABORT_SIGNAL available=1435MB
13:39:39 123183 1426 349 load: 1.17, 1.12, 2.87
13:39:39 ABORT_SIGNAL available=1426MB
13:39:59 123178 1431 349 load: 1.12, 1.11, 2.83
13:39:59 ABORT_SIGNAL available=1431MB
13:40:09 123186 1423 349 load: 1.10, 1.11, 2.81
13:40:09 ABORT_SIGNAL available=1423MB
13:40:29 123179 1430 349 load: 1.07, 1.10, 2.77
13:40:29 ABORT_SIGNAL available=1430MB
13:40:39 123189 1420 349 load: 1.06, 1.10, 2.75
13:40:39 ABORT_SIGNAL available=1420MB
13:40:59 123182 1427 349 load: 1.04, 1.09, 2.71
13:40:59 ABORT_SIGNAL available=1427MB
13:41:09 123194 1415 349 load: 1.12, 1.10, 2.70
13:41:09 ABORT_SIGNAL available=1415MB
13:41:29 123187 1422 349 load: 1.08, 1.09, 2.66
13:41:29 ABORT_SIGNAL available=1422MB
13:41:39 123188 1421 349 load: 1.07, 1.09, 2.64
13:41:39 ABORT_SIGNAL available=1421MB
13:41:59 123181 1428 349 load: 1.11, 1.10, 2.61
13:41:59 ABORT_SIGNAL available=1428MB
13:42:09 123183 1426 349 load: 1.09, 1.10, 2.59
13:42:09 ABORT_SIGNAL available=1426MB
13:42:29 123178 1432 349 load: 1.15, 1.10, 2.56
13:42:29 ABORT_SIGNAL available=1432MB
13:42:39 123477 1133 351 load: 1.12, 1.10, 2.55
13:42:39 ABORT_SIGNAL available=1133MB
13:42:59 122558 2052 1051 load: 1.44, 1.18, 2.54
13:42:59 ABORT_SIGNAL available=2052MB
13:43:09 122559 2050 1051 load: 1.44, 1.19, 2.53
13:43:09 ABORT_SIGNAL available=2050MB
13:43:29 122578 2031 1051 load: 1.58, 1.24, 2.52
13:43:29 ABORT_SIGNAL available=2031MB
13:43:39 122528 2081 1051 load: 1.57, 1.25, 2.51
13:43:39 ABORT_SIGNAL available=2081MB
13:43:59 122502 2107 1051 load: 1.48, 1.25, 2.48
13:43:59 ABORT_SIGNAL available=2107MB
13:44:09 122497 2112 1051 load: 1.48, 1.25, 2.47
13:44:09 ABORT_SIGNAL available=2112MB
13:44:29 122500 2109 1051 load: 1.42, 1.25, 2.44
13:44:29 ABORT_SIGNAL available=2109MB
13:44:39 122507 2102 1051 load: 1.44, 1.26, 2.43
13:44:39 ABORT_SIGNAL available=2102MB
13:44:59 122505 2104 1051 load: 1.38, 1.26, 2.40
13:44:59 ABORT_SIGNAL available=2104MB
13:45:09 122497 2112 1051 load: 1.32, 1.25, 2.39
13:45:09 ABORT_SIGNAL available=2112MB
13:45:29 122529 2080 1051 load: 1.23, 1.23, 2.36
13:45:29 ABORT_SIGNAL available=2080MB
13:45:39 122514 2095 1051 load: 1.19, 1.23, 2.34
13:45:39 ABORT_SIGNAL available=2095MB
13:45:59 122513 2096 1051 load: 1.14, 1.21, 2.31
13:45:59 ABORT_SIGNAL available=2096MB
13:46:09 122504 2105 1051 load: 1.12, 1.20, 2.30
13:46:09 ABORT_SIGNAL available=2105MB
13:46:29 122504 2105 1051 load: 1.08, 1.19, 2.27
13:46:29 ABORT_SIGNAL available=2105MB
13:46:39 122499 2110 1051 load: 1.07, 1.18, 2.26
13:46:39 ABORT_SIGNAL available=2110MB
13:46:59 122514 2095 1051 load: 1.05, 1.17, 2.23
13:46:59 ABORT_SIGNAL available=2095MB
13:47:09 122497 2112 1051 load: 1.04, 1.16, 2.21
13:47:09 ABORT_SIGNAL available=2112MB
13:47:29 122508 2101 1051 load: 0.97, 1.14, 2.18
13:47:29 ABORT_SIGNAL available=2101MB
13:47:39 122528 2081 1051 load: 0.97, 1.13, 2.17
13:47:39 ABORT_SIGNAL available=2081MB
13:47:59 122506 2104 1051 load: 1.05, 1.14, 2.15
13:47:59 ABORT_SIGNAL available=2104MB
13:48:09 122498 2111 1051 load: 1.05, 1.14, 2.14
13:48:09 ABORT_SIGNAL available=2111MB
13:48:29 122500 2110 1051 load: 1.03, 1.13, 2.11
13:48:29 ABORT_SIGNAL available=2110MB
13:48:39 122524 2085 1051 load: 1.03, 1.12, 2.10
13:48:39 ABORT_SIGNAL available=2085MB
13:48:59 122509 2100 1051 load: 1.02, 1.11, 2.07
13:48:59 ABORT_SIGNAL available=2100MB
13:49:09 122505 2105 1051 load: 1.02, 1.11, 2.06
13:49:09 ABORT_SIGNAL available=2105MB
13:49:29 122498 2112 1051 load: 1.13, 1.13, 2.05
13:49:29 ABORT_SIGNAL available=2112MB
13:49:39 122535 2075 1051 load: 1.11, 1.13, 2.04
13:49:39 ABORT_SIGNAL available=2075MB
13:49:59 122503 2106 1051 load: 1.16, 1.13, 2.02
13:49:59 ABORT_SIGNAL available=2106MB
13:50:09 122506 2103 1051 load: 1.14, 1.13, 2.01
13:50:09 ABORT_SIGNAL available=2103MB
13:50:29 122497 2113 1051 load: 1.03, 1.10, 1.98
13:50:29 ABORT_SIGNAL available=2113MB
13:50:40 122498 2111 1051 load: 1.10, 1.12, 1.98
13:50:40 ABORT_SIGNAL available=2111MB
13:51:00 122503 2106 1051 load: 1.07, 1.11, 1.95
13:51:00 ABORT_SIGNAL available=2106MB
13:51:10 122509 2100 1051 load: 1.06, 1.11, 1.94
13:51:10 ABORT_SIGNAL available=2100MB
13:51:30 122502 2107 1051 load: 1.04, 1.10, 1.92
13:51:30 ABORT_SIGNAL available=2107MB
13:51:40 122505 2104 1051 load: 1.04, 1.09, 1.91
13:51:40 ABORT_SIGNAL available=2104MB
13:52:00 122496 2113 1051 load: 1.02, 1.09, 1.89
13:52:00 ABORT_SIGNAL available=2113MB
13:52:10 122502 2107 1051 load: 1.02, 1.08, 1.88
13:52:10 ABORT_SIGNAL available=2107MB
13:52:30 122508 2101 1051 load: 1.01, 1.08, 1.86
13:52:30 ABORT_SIGNAL available=2101MB
13:52:40 122500 2110 1051 load: 1.01, 1.07, 1.85
13:52:40 ABORT_SIGNAL available=2110MB
13:53:00 122523 2086 1051 load: 1.01, 1.07, 1.83
13:53:00 ABORT_SIGNAL available=2086MB
13:53:10 122510 2100 1051 load: 1.01, 1.07, 1.82
13:53:10 ABORT_SIGNAL available=2100MB
13:53:30 122506 2104 1051 load: 1.08, 1.08, 1.81
13:53:30 ABORT_SIGNAL available=2104MB
13:53:40 122507 2102 1051 load: 1.07, 1.07, 1.80
13:53:40 ABORT_SIGNAL available=2102MB
13:54:00 122509 2100 1051 load: 1.05, 1.07, 1.78
13:54:00 ABORT_SIGNAL available=2100MB
13:54:10 122506 2103 1051 load: 1.04, 1.07, 1.78
13:54:10 ABORT_SIGNAL available=2103MB
13:54:30 122507 2102 1051 load: 1.03, 1.06, 1.76
13:54:30 ABORT_SIGNAL available=2102MB
13:54:40 122503 2107 1051 load: 1.02, 1.06, 1.75
13:54:40 ABORT_SIGNAL available=2107MB
13:55:00 122518 2091 1051 load: 1.16, 1.09, 1.74
13:55:00 ABORT_SIGNAL available=2091MB
13:55:10 122509 2100 1051 load: 1.15, 1.08, 1.73
13:55:10 ABORT_SIGNAL available=2100MB
13:55:30 122508 2101 1051 load: 1.24, 1.11, 1.73
13:55:30 ABORT_SIGNAL available=2101MB
13:55:40 122509 2100 1051 load: 1.29, 1.12, 1.73
13:55:40 ABORT_SIGNAL available=2100MB
13:56:00 122501 2109 1051 load: 0.98, 1.07, 1.69
13:56:00 ABORT_SIGNAL available=2109MB
13:56:10 122517 2092 1051 load: 1.06, 1.08, 1.69
13:56:10 ABORT_SIGNAL available=2092MB
13:56:40 2879 121730 360 load: 1.37, 1.15, 1.70
13:57:10 2873 121736 360 load: 0.76, 1.02, 1.63
13:57:40 2871 121738 360 load: 0.72, 0.99, 1.60
13:58:10 2874 121735 360 load: 0.44, 0.89, 1.55
13:58:40 2871 121738 360 load: 0.41, 0.84, 1.51
13:59:10 2873 121736 360 load: 0.36, 0.78, 1.46
13:59:40 2862 121747 360 load: 0.35, 0.74, 1.43
14:00:10 2883 121726 360 load: 0.29, 0.68, 1.39
14:00:40 2882 121727 360 load: 0.34, 0.65, 1.35
14:01:10 2871 121738 360 load: 0.34, 0.62, 1.32
14:01:40 2882 121727 360 load: 0.53, 0.62, 1.30
14:02:10 2877 121732 360 load: 0.38, 0.58, 1.26
14:02:40 2873 121736 360 load: 0.35, 0.56, 1.23
14:03:10 2874 121735 360 load: 0.21, 0.50, 1.19
14:03:41 2905 121704 360 load: 0.18, 0.47, 1.15
14:04:11 4772 119837 360 load: 0.70, 0.57, 1.17
14:04:41 39539 85070 360 load: 1.11, 0.69, 1.19
14:05:11 44635 79974 360 load: 1.07, 0.72, 1.18
14:05:41 47211 77399 360 load: 1.53, 0.87, 1.21
14:06:11 48925 75684 360 load: 1.32, 0.89, 1.21
14:06:41 48971 75638 360 load: 1.51, 0.96, 1.22
14:07:11 103328 21281 360 load: 1.38, 0.99, 1.22
14:07:41 103483 21126 360 load: 1.23, 0.99, 1.21
14:08:11 103218 21391 360 load: 1.26, 1.02, 1.21
14:08:41 104394 20215 360 load: 1.16, 1.02, 1.20
14:09:11 104374 20236 360 load: 1.10, 1.02, 1.19
14:09:41 104390 20219 360 load: 1.17, 1.04, 1.20
14:10:11 2731 121879 400 load: 0.76, 0.96, 1.16
14:10:41 2727 121882 400 load: 0.46, 0.87, 1.12
14:11:11 2737 121872 400 load: 0.28, 0.78, 1.09
14:11:41 3135 121475 399 load: 0.32, 0.74, 1.06
14:12:11 30051 94558 399 load: 0.86, 0.83, 1.08
14:12:41 42926 81684 399 load: 0.92, 0.85, 1.08
14:13:11 39418 85192 399 load: 1.02, 0.88, 1.08
14:13:41 49261 75348 399 load: 1.23, 0.94, 1.10
14:14:11 102885 21724 399 load: 1.26, 0.98, 1.10
14:14:41 103149 21461 399 load: 1.29, 1.02, 1.11
14:15:11 103006 21603 399 load: 1.28, 1.04, 1.11
14:15:41 104189 20420 399 load: 1.25, 1.06, 1.11
14:16:11 104192 20417 399 load: 1.15, 1.05, 1.11
14:16:41 104190 20419 399 load: 1.09, 1.04, 1.10
14:17:12 106495 18114 402 load: 1.05, 1.04, 1.09
14:17:42 106507 18103 402 load: 1.17, 1.06, 1.10
14:18:12 106514 18095 402 load: 1.10, 1.06, 1.09
14:18:42 106505 18105 402 load: 1.06, 1.05, 1.09
14:19:12 106521 18089 402 load: 1.15, 1.08, 1.10
14:19:42 2793 121816 426 load: 1.07, 1.07, 1.09
14:20:12 2814 121796 426 load: 0.65, 0.96, 1.06
14:20:42 2829 121780 426 load: 0.39, 0.87, 1.02
14:21:12 2831 121778 425 load: 0.24, 0.79, 0.99
14:21:42 2835 121774 425 load: 0.14, 0.71, 0.95
14:22:12 2838 121771 425 load: 0.08, 0.64, 0.92
14:22:42 2842 121767 425 load: 0.05, 0.58, 0.89
14:23:12 2828 121781 425 load: 0.03, 0.52, 0.86
14:23:42 2836 121773 425 load: 0.02, 0.47, 0.83
14:24:12 2835 121774 425 load: 0.07, 0.44, 0.81
14:24:42 7137 117472 424 load: 0.44, 0.50, 0.82
14:25:12 11830 112779 421 load: 0.44, 0.49, 0.81
14:25:42 2920 121689 420 load: 0.37, 0.48, 0.79
14:26:12 2933 121676 420 load: 0.23, 0.43, 0.77
14:26:42 2953 121656 420 load: 0.14, 0.39, 0.74
14:27:12 2933 121677 420 load: 0.08, 0.35, 0.72
14:27:42 2938 121671 420 load: 0.05, 0.31, 0.69
14:28:12 2940 121670 419 load: 0.03, 0.28, 0.67
14:28:42 6750 117859 419 load: 0.40, 0.34, 0.67
14:29:12 2965 121644 418 load: 0.83, 0.45, 0.70
14:29:42 2943 121666 417 load: 0.50, 0.41, 0.68
14:30:13 2945 121664 417 load: 0.30, 0.37, 0.65
14:30:43 2948 121662 417 load: 0.25, 0.35, 0.64
14:31:13 2943 121666 417 load: 0.15, 0.31, 0.62
14:31:43 2946 121663 417 load: 0.09, 0.28, 0.59
14:32:13 2949 121660 417 load: 0.20, 0.28, 0.59
14:32:43 4628 119981 417 load: 0.59, 0.37, 0.60
14:33:13 31285 93324 417 load: 1.00, 0.50, 0.64
14:33:43 40441 84168 416 load: 1.13, 0.58, 0.66
14:34:13 43651 80958 416 load: 1.08, 0.62, 0.67
14:34:43 40829 83781 416 load: 1.05, 0.66, 0.69
14:35:13 88519 36090 416 load: 1.10, 0.71, 0.70
14:35:43 102829 21780 416 load: 1.11, 0.75, 0.72
14:36:13 102986 21623 416 load: 1.07, 0.78, 0.73
14:36:43 104141 20468 416 load: 1.20, 0.83, 0.75
14:37:13 104139 20470 416 load: 1.23, 0.88, 0.77
14:37:43 104132 20477 416 load: 1.19, 0.91, 0.78
14:38:13 106223 18387 416 load: 1.25, 0.95, 0.80
14:38:43 106247 18362 416 load: 1.15, 0.96, 0.81
14:39:13 106270 18340 416 load: 1.09, 0.96, 0.82
14:39:43 106259 18351 416 load: 1.12, 0.99, 0.83
14:40:13 106271 18338 416 load: 1.13, 1.00, 0.84
14:40:43 106248 18361 416 load: 1.08, 1.00, 0.85
14:41:13 98415 26194 416 load: 1.11, 1.02, 0.86
14:41:43 98924 25685 415 load: 1.13, 1.03, 0.87
14:42:13 103381 21228 415 load: 1.08, 1.03, 0.88
14:42:43 99688 24921 415 load: 1.43, 1.12, 0.91
14:43:14 99637 24973 415 load: 1.81, 1.24, 0.96
14:43:44 109510 15099 415 load: 1.60, 1.24, 0.97
14:44:14 95500 29109 415 load: 1.49, 1.25, 0.99
14:44:44 98625 25985 415 load: 1.29, 1.23, 0.99
14:45:14 98576 26033 415 load: 0.98, 1.16, 0.98
14:45:44 113483 11126 415 load: 0.95, 1.13, 0.97
14:46:14 112629 11980 415 load: 0.83, 1.08, 0.96
14:46:44 112484 12125 415 load: 1.03, 1.10, 0.98
14:47:14 112489 12120 415 load: 1.02, 1.09, 0.98
14:47:44 112501 12108 415 load: 1.01, 1.08, 0.98
14:48:14 112484 12125 415 load: 1.00, 1.07, 0.99
14:48:44 112489 12120 415 load: 1.27, 1.13, 1.01
14:49:14 112485 12124 415 load: 1.16, 1.11, 1.00
14:49:44 112498 12111 415 load: 1.03, 1.09, 1.00
14:50:14 123174 1435 422 load: 1.07, 1.09, 1.00
14:50:14 ABORT_SIGNAL available=1435MB
14:50:44 123224 1385 422 load: 1.32, 1.15, 1.02
14:50:44 ABORT_SIGNAL available=1385MB
14:51:14 123188 1422 422 load: 1.19, 1.13, 1.02
14:51:14 ABORT_SIGNAL available=1422MB
14:51:44 123208 1401 422 load: 1.12, 1.12, 1.02
14:51:44 ABORT_SIGNAL available=1401MB
14:52:14 123251 1359 422 load: 1.00, 1.09, 1.01
14:52:14 ABORT_SIGNAL available=1359MB
14:52:44 123256 1353 422 load: 1.07, 1.10, 1.01
14:52:44 ABORT_SIGNAL available=1353MB
14:53:14 123236 1373 422 load: 1.11, 1.10, 1.01
14:53:14 ABORT_SIGNAL available=1373MB
14:53:44 123258 1352 422 load: 1.18, 1.12, 1.02
14:53:44 ABORT_SIGNAL available=1352MB
14:54:14 123241 1368 422 load: 1.16, 1.12, 1.02
14:54:14 ABORT_SIGNAL available=1368MB
14:54:44 123245 1364 422 load: 1.15, 1.13, 1.03
14:54:44 ABORT_SIGNAL available=1364MB
14:55:14 123243 1367 422 load: 1.26, 1.16, 1.04
14:55:14 ABORT_SIGNAL available=1367MB
14:55:45 123240 1369 422 load: 1.16, 1.14, 1.04
14:55:45 ABORT_SIGNAL available=1369MB
14:56:15 123252 1357 422 load: 1.17, 1.15, 1.04
14:56:15 ABORT_SIGNAL available=1357MB
14:56:45 123236 1373 422 load: 1.21, 1.16, 1.05
14:56:45 ABORT_SIGNAL available=1373MB
14:57:15 123244 1365 422 load: 1.13, 1.14, 1.05
14:57:15 ABORT_SIGNAL available=1365MB
14:57:45 123234 1375 422 load: 1.08, 1.13, 1.04
14:57:45 ABORT_SIGNAL available=1375MB
14:58:15 123241 1368 422 load: 1.18, 1.15, 1.05
14:58:15 ABORT_SIGNAL available=1368MB
14:58:45 123239 1370 422 load: 1.17, 1.15, 1.06
14:58:45 ABORT_SIGNAL available=1370MB
14:59:15 123230 1379 422 load: 1.34, 1.20, 1.08
14:59:15 ABORT_SIGNAL available=1379MB
14:59:45 123237 1372 422 load: 1.21, 1.18, 1.07
14:59:45 ABORT_SIGNAL available=1372MB
15:00:15 123253 1356 422 load: 1.23, 1.19, 1.08
15:00:15 ABORT_SIGNAL available=1356MB
15:00:45 123257 1352 422 load: 1.20, 1.19, 1.08
15:00:45 ABORT_SIGNAL available=1352MB
15:01:15 123258 1351 422 load: 1.12, 1.17, 1.08
15:01:15 ABORT_SIGNAL available=1351MB
15:01:45 123238 1372 422 load: 1.08, 1.15, 1.08
15:01:45 ABORT_SIGNAL available=1372MB
15:02:15 123235 1374 422 load: 1.05, 1.14, 1.08
15:02:15 ABORT_SIGNAL available=1374MB
15:02:45 123243 1367 422 load: 0.97, 1.11, 1.07
15:02:45 ABORT_SIGNAL available=1367MB
15:03:15 123246 1363 421 load: 1.13, 1.13, 1.08
15:03:15 ABORT_SIGNAL available=1363MB
15:03:45 123251 1359 421 load: 1.08, 1.11, 1.07
15:03:45 ABORT_SIGNAL available=1359MB
15:04:15 123253 1356 421 load: 1.29, 1.15, 1.09
15:04:15 ABORT_SIGNAL available=1356MB
15:04:45 123250 1359 421 load: 1.32, 1.17, 1.10
15:04:45 ABORT_SIGNAL available=1359MB
15:05:15 123279 1330 421 load: 1.19, 1.15, 1.09
15:05:15 ABORT_SIGNAL available=1330MB
15:05:45 123248 1361 421 load: 1.12, 1.14, 1.09
15:05:45 ABORT_SIGNAL available=1361MB
15:06:15 123275 1334 421 load: 1.07, 1.12, 1.08
15:06:15 ABORT_SIGNAL available=1334MB
15:06:45 123261 1348 421 load: 1.18, 1.14, 1.09
15:06:45 ABORT_SIGNAL available=1348MB
15:07:15 123248 1361 421 load: 1.11, 1.13, 1.09
15:07:15 ABORT_SIGNAL available=1361MB
15:07:45 123254 1355 421 load: 1.06, 1.11, 1.09
15:07:45 ABORT_SIGNAL available=1355MB
15:08:15 123255 1354 421 load: 1.11, 1.12, 1.09
15:08:15 ABORT_SIGNAL available=1354MB
15:08:46 123254 1355 421 load: 1.12, 1.12, 1.09
15:08:46 ABORT_SIGNAL available=1355MB
15:09:16 123254 1355 421 load: 1.07, 1.11, 1.09
15:09:16 ABORT_SIGNAL available=1355MB
15:09:46 123259 1350 421 load: 1.38, 1.18, 1.11
15:09:46 ABORT_SIGNAL available=1350MB
15:10:16 123256 1353 421 load: 1.30, 1.18, 1.11
15:10:16 ABORT_SIGNAL available=1353MB
15:10:46 123257 1353 421 load: 1.25, 1.17, 1.11
15:10:46 ABORT_SIGNAL available=1353MB
15:11:16 123254 1355 421 load: 1.15, 1.16, 1.11
15:11:16 ABORT_SIGNAL available=1355MB
15:11:46 123263 1346 421 load: 1.20, 1.17, 1.11
15:11:46 ABORT_SIGNAL available=1346MB
15:12:16 123260 1349 421 load: 1.12, 1.15, 1.10
15:12:16 ABORT_SIGNAL available=1349MB
15:12:46 123247 1362 421 load: 1.28, 1.19, 1.12
15:12:46 ABORT_SIGNAL available=1362MB
15:13:16 123262 1347 421 load: 1.16, 1.17, 1.11
15:13:16 ABORT_SIGNAL available=1347MB
15:13:46 123266 1344 421 load: 1.15, 1.17, 1.11
15:13:46 ABORT_SIGNAL available=1344MB
15:14:16 123259 1350 421 load: 1.09, 1.15, 1.11
15:14:16 ABORT_SIGNAL available=1350MB
15:14:46 123269 1340 421 load: 1.20, 1.16, 1.11
15:14:46 ABORT_SIGNAL available=1340MB
15:15:16 123253 1356 421 load: 1.33, 1.20, 1.12
15:15:16 ABORT_SIGNAL available=1356MB
15:15:46 123264 1345 421 load: 1.28, 1.19, 1.12
15:15:46 ABORT_SIGNAL available=1345MB
15:16:16 123259 1351 421 load: 0.89, 1.11, 1.09
15:16:16 ABORT_SIGNAL available=1351MB
15:16:46 123260 1349 421 load: 0.70, 1.04, 1.07
15:16:46 ABORT_SIGNAL available=1349MB
15:17:16 123260 1349 421 load: 0.50, 0.95, 1.04
15:17:16 ABORT_SIGNAL available=1349MB
15:17:46 123257 1352 421 load: 0.65, 0.94, 1.03
15:17:46 ABORT_SIGNAL available=1352MB
15:18:16 123253 1356 421 load: 0.55, 0.88, 1.01
15:18:16 ABORT_SIGNAL available=1356MB
15:18:46 123275 1334 421 load: 0.41, 0.81, 0.98
15:18:46 ABORT_SIGNAL available=1334MB
15:19:16 123254 1355 421 load: 0.33, 0.75, 0.95
15:19:16 ABORT_SIGNAL available=1355MB
15:19:46 123246 1363 421 load: 0.67, 0.79, 0.96
15:19:46 ABORT_SIGNAL available=1363MB
15:20:16 123263 1346 421 load: 0.53, 0.75, 0.94
15:20:16 ABORT_SIGNAL available=1346MB
