Aug 30 11:31:59 spark-6f0e kernel: docker0: port 1(vethe59a9c6) entered blocking state
Aug 30 11:31:59 spark-6f0e kernel: docker0: port 1(vethe59a9c6) entered disabled state
Aug 30 11:31:59 spark-6f0e kernel: vethe59a9c6: entered allmulticast mode
Aug 30 11:31:59 spark-6f0e kernel: vethe59a9c6: entered promiscuous mode
Aug 30 11:31:59 spark-6f0e kernel: eth0: renamed from vethc6a5997
Aug 30 11:31:59 spark-6f0e kernel: docker0: port 1(vethe59a9c6) entered blocking state
Aug 30 11:31:59 spark-6f0e kernel: docker0: port 1(vethe59a9c6) entered forwarding state
Aug 30 11:31:59 spark-6f0e kernel: docker0: port 1(vethe59a9c6) entered disabled state
Aug 30 11:31:59 spark-6f0e kernel: vethc6a5997: renamed from eth0
Aug 30 11:31:59 spark-6f0e kernel: docker0: port 1(vethe59a9c6) entered disabled state
Aug 30 11:31:59 spark-6f0e kernel: vethe59a9c6 (unregistering): left allmulticast mode
Aug 30 11:31:59 spark-6f0e kernel: vethe59a9c6 (unregistering): left promiscuous mode
Aug 30 11:31:59 spark-6f0e kernel: docker0: port 1(vethe59a9c6) entered disabled state
Aug 30 11:32:03 spark-6f0e kernel: tee (68221): drop_caches: 3
Aug 30 11:42:04 spark-6f0e kernel: NVRM: nvCheckOkFailedNoLog: Check failed: Out of memory [NV_ERR_NO_MEMORY] (0x00000051) returned from _memdescAllocInternal(pMemDesc) @ mem_desc.c:1359
Aug 30 11:42:04 spark-6f0e kernel: NVRM: nvCheckOkFailedNoLog: Check failed: Out of memory [NV_ERR_NO_MEMORY] (0x00000051) returned from _memdescAllocInternal(pMemDesc) @ mem_desc.c:1359
Aug 30 11:42:05 spark-6f0e kernel: NVRM: nvCheckOkFailedNoLog: Check failed: Out of memory [NV_ERR_NO_MEMORY] (0x00000051) returned from _memdescAllocInternal(pMemDesc) @ mem_desc.c:1359
Aug 30 11:42:05 spark-6f0e kernel: NVRM: nvCheckOkFailedNoLog: Check failed: Out of memory [NV_ERR_NO_MEMORY] (0x00000051) returned from _memdescAllocInternal(pMemDesc) @ mem_desc.c:1359
Aug 30 11:42:05 spark-6f0e kernel: NVRM: nvCheckOkFailedNoLog: Check failed: Out of memory [NV_ERR_NO_MEMORY] (0x00000051) returned from _memdescAllocInternal(pMemDesc) @ mem_desc.c:1359
Aug 30 11:42:05 spark-6f0e kernel: NVRM: nvCheckOkFailedNoLog: Check failed: Out of memory [NV_ERR_NO_MEMORY] (0x00000051) returned from _memdescAllocInternal(pMemDesc) @ mem_desc.c:1359
Aug 30 11:42:05 spark-6f0e kernel: NVRM: nvCheckOkFailedNoLog: Check failed: Out of memory [NV_ERR_NO_MEMORY] (0x00000051) returned from _memdescAllocInternal(pMemDesc) @ mem_desc.c:1359
Aug 30 11:42:05 spark-6f0e kernel: NVRM: nvCheckOkFailedNoLog: Check failed: Out of memory [NV_ERR_NO_MEMORY] (0x00000051) returned from _memdescAllocInternal(pMemDesc) @ mem_desc.c:1359
Aug 30 11:42:05 spark-6f0e kernel: NVRM: nvCheckOkFailedNoLog: Check failed: Out of memory [NV_ERR_NO_MEMORY] (0x00000051) returned from _memdescAllocInternal(pMemDesc) @ mem_desc.c:1359
Aug 30 11:42:05 spark-6f0e kernel: NVRM: nvCheckOkFailedNoLog: Check failed: Out of memory [NV_ERR_NO_MEMORY] (0x00000051) returned from _memdescAllocInternal(pMemDesc) @ mem_desc.c:1359
Aug 30 11:42:05 spark-6f0e kernel: NVRM: nvCheckOkFailedNoLog: Check failed: Out of memory [NV_ERR_NO_MEMORY] (0x00000051) returned from _memdescAllocInternal(pMemDesc) @ mem_desc.c:1359
Aug 30 11:42:05 spark-6f0e kernel: NVRM: nvCheckOkFailedNoLog: Check failed: Out of memory [NV_ERR_NO_MEMORY] (0x00000051) returned from _memdescAllocInternal(pMemDesc) @ mem_desc.c:1359
Aug 30 11:42:05 spark-6f0e kernel: NVRM: nvCheckOkFailedNoLog: Check failed: Out of memory [NV_ERR_NO_MEMORY] (0x00000051) returned from _memdescAllocInternal(pMemDesc) @ mem_desc.c:1359
Aug 30 11:42:05 spark-6f0e kernel: NVRM: nvCheckOkFailedNoLog: Check failed: Out of memory [NV_ERR_NO_MEMORY] (0x00000051) returned from _memdescAllocInternal(pMemDesc) @ mem_desc.c:1359
Aug 30 11:42:05 spark-6f0e kernel: NVRM: nvCheckOkFailedNoLog: Check failed: Out of memory [NV_ERR_NO_MEMORY] (0x00000051) returned from _memdescAllocInternal(pMemDesc) @ mem_desc.c:1359
Aug 30 11:42:05 spark-6f0e kernel: NVRM: nvCheckOkFailedNoLog: Check failed: Out of memory [NV_ERR_NO_MEMORY] (0x00000051) returned from _memdescAllocInternal(pMemDesc) @ mem_desc.c:1359
Aug 30 11:42:05 spark-6f0e kernel: NVRM: nvCheckOkFailedNoLog: Check failed: Out of memory [NV_ERR_NO_MEMORY] (0x00000051) returned from _memdescAllocInternal(pMemDesc) @ mem_desc.c:1359
Aug 30 11:42:05 spark-6f0e kernel: NVRM: nvCheckOkFailedNoLog: Check failed: Out of memory [NV_ERR_NO_MEMORY] (0x00000051) returned from _memdescAllocInternal(pMemDesc) @ mem_desc.c:1359
Aug 30 11:42:05 spark-6f0e kernel: NVRM: nvCheckOkFailedNoLog: Check failed: Out of memory [NV_ERR_NO_MEMORY] (0x00000051) returned from _memdescAllocInternal(pMemDesc) @ mem_desc.c:1359
Aug 30 11:42:05 spark-6f0e kernel: NVRM: nvCheckOkFailedNoLog: Check failed: Out of memory [NV_ERR_NO_MEMORY] (0x00000051) returned from _memdescAllocInternal(pMemDesc) @ mem_desc.c:1359
Aug 30 11:42:05 spark-6f0e kernel: NVRM: nvCheckOkFailedNoLog: Check failed: Out of memory [NV_ERR_NO_MEMORY] (0x00000051) returned from _memdescAllocInternal(pMemDesc) @ mem_desc.c:1359
Aug 30 11:42:05 spark-6f0e kernel: NVRM: nvCheckOkFailedNoLog: Check failed: Out of memory [NV_ERR_NO_MEMORY] (0x00000051) returned from _memdescAllocInternal(pMemDesc) @ mem_desc.c:1359
Aug 30 11:42:05 spark-6f0e kernel: NVRM: nvCheckOkFailedNoLog: Check failed: Out of memory [NV_ERR_NO_MEMORY] (0x00000051) returned from _memdescAllocInternal(pMemDesc) @ mem_desc.c:1359
Aug 30 11:42:05 spark-6f0e kernel: NVRM: nvCheckOkFailedNoLog: Check failed: Out of memory [NV_ERR_NO_MEMORY] (0x00000051) returned from _memdescAllocInternal(pMemDesc) @ mem_desc.c:1359
Aug 30 11:42:07 spark-6f0e kernel: NVRM: nvCheckOkFailedNoLog: Check failed: Out of memory [NV_ERR_NO_MEMORY] (0x00000051) returned from _memdescAllocInternal(pMemDesc) @ mem_desc.c:1359
Aug 30 11:42:07 spark-6f0e kernel: NVRM: nvCheckOkFailedNoLog: Check failed: Out of memory [NV_ERR_NO_MEMORY] (0x00000051) returned from _memdescAllocInternal(pMemDesc) @ mem_desc.c:1359
Aug 30 11:42:07 spark-6f0e kernel: NVRM: nvCheckOkFailedNoLog: Check failed: Out of memory [NV_ERR_NO_MEMORY] (0x00000051) returned from _memdescAllocInternal(pMemDesc) @ mem_desc.c:1359
Aug 30 11:42:07 spark-6f0e kernel: NVRM: nvCheckOkFailedNoLog: Check failed: Out of memory [NV_ERR_NO_MEMORY] (0x00000051) returned from _memdescAllocInternal(pMemDesc) @ mem_desc.c:1359
Aug 30 11:42:07 spark-6f0e kernel: NVRM: nvCheckOkFailedNoLog: Check failed: Out of memory [NV_ERR_NO_MEMORY] (0x00000051) returned from _memdescAllocInternal(pMemDesc) @ mem_desc.c:1359
Aug 30 11:42:07 spark-6f0e kernel: NVRM: nvCheckOkFailedNoLog: Check failed: Out of memory [NV_ERR_NO_MEMORY] (0x00000051) returned from _memdescAllocInternal(pMemDesc) @ mem_desc.c:1359
Aug 30 11:42:07 spark-6f0e kernel: NVRM: nvCheckOkFailedNoLog: Check failed: Out of memory [NV_ERR_NO_MEMORY] (0x00000051) returned from _memdescAllocInternal(pMemDesc) @ mem_desc.c:1359
Aug 30 11:42:08 spark-6f0e kernel: NVRM: nvCheckOkFailedNoLog: Check failed: Out of memory [NV_ERR_NO_MEMORY] (0x00000051) returned from _memdescAllocInternal(pMemDesc) @ mem_desc.c:1359
Aug 30 11:42:08 spark-6f0e kernel: NVRM: nvCheckOkFailedNoLog: Check failed: Out of memory [NV_ERR_NO_MEMORY] (0x00000051) returned from _memdescAllocInternal(pMemDesc) @ mem_desc.c:1359
Aug 30 11:42:08 spark-6f0e kernel: NVRM: nvCheckOkFailedNoLog: Check failed: Out of memory [NV_ERR_NO_MEMORY] (0x00000051) returned from _memdescAllocInternal(pMemDesc) @ mem_desc.c:1359
Aug 30 11:42:08 spark-6f0e kernel: NVRM: nvCheckOkFailedNoLog: Check failed: Out of memory [NV_ERR_NO_MEMORY] (0x00000051) returned from _memdescAllocInternal(pMemDesc) @ mem_desc.c:1359
Aug 30 11:42:08 spark-6f0e kernel: NVRM: nvCheckOkFailedNoLog: Check failed: Out of memory [NV_ERR_NO_MEMORY] (0x00000051) returned from _memdescAllocInternal(pMemDesc) @ mem_desc.c:1359
Aug 30 11:42:08 spark-6f0e kernel: NVRM: nvCheckOkFailedNoLog: Check failed: Out of memory [NV_ERR_NO_MEMORY] (0x00000051) returned from _memdescAllocInternal(pMemDesc) @ mem_desc.c:1359
Aug 30 11:42:08 spark-6f0e kernel: NVRM: nvCheckOkFailedNoLog: Check failed: Out of memory [NV_ERR_NO_MEMORY] (0x00000051) returned from _memdescAllocInternal(pMemDesc) @ mem_desc.c:1359
Aug 30 11:42:08 spark-6f0e kernel: NVRM: nvCheckOkFailedNoLog: Check failed: Out of memory [NV_ERR_NO_MEMORY] (0x00000051) returned from _memdescAllocInternal(pMemDesc) @ mem_desc.c:1359
Aug 30 11:42:08 spark-6f0e kernel: NVRM: nvCheckOkFailedNoLog: Check failed: Out of memory [NV_ERR_NO_MEMORY] (0x00000051) returned from _memdescAllocInternal(pMemDesc) @ mem_desc.c:1359
Aug 30 11:42:08 spark-6f0e kernel: NVRM: nvCheckOkFailedNoLog: Check failed: Out of memory [NV_ERR_NO_MEMORY] (0x00000051) returned from _memdescAllocInternal(pMemDesc) @ mem_desc.c:1359
Aug 30 11:42:08 spark-6f0e kernel: NVRM: nvCheckOkFailedNoLog: Check failed: Out of memory [NV_ERR_NO_MEMORY] (0x00000051) returned from _memdescAllocInternal(pMemDesc) @ mem_desc.c:1359
Aug 30 11:42:08 spark-6f0e kernel: NVRM: nvCheckOkFailedNoLog: Check failed: Out of memory [NV_ERR_NO_MEMORY] (0x00000051) returned from _memdescAllocInternal(pMemDesc) @ mem_desc.c:1359
Aug 30 11:42:08 spark-6f0e kernel: NVRM: nvCheckOkFailedNoLog: Check failed: Out of memory [NV_ERR_NO_MEMORY] (0x00000051) returned from _memdescAllocInternal(pMemDesc) @ mem_desc.c:1359
Aug 30 11:42:08 spark-6f0e kernel: NVRM: nvCheckOkFailedNoLog: Check failed: Out of memory [NV_ERR_NO_MEMORY] (0x00000051) returned from _memdescAllocInternal(pMemDesc) @ mem_desc.c:1359
Aug 30 11:42:08 spark-6f0e kernel: NVRM: nvCheckOkFailedNoLog: Check failed: Out of memory [NV_ERR_NO_MEMORY] (0x00000051) returned from _memdescAllocInternal(pMemDesc) @ mem_desc.c:1359
Aug 30 11:42:08 spark-6f0e kernel: NVRM: nvCheckOkFailedNoLog: Check failed: Out of memory [NV_ERR_NO_MEMORY] (0x00000051) returned from _memdescAllocInternal(pMemDesc) @ mem_desc.c:1359
Aug 30 11:42:08 spark-6f0e kernel: NVRM: nvCheckOkFailedNoLog: Check failed: Out of memory [NV_ERR_NO_MEMORY] (0x00000051) returned from _memdescAllocInternal(pMemDesc) @ mem_desc.c:1359
Aug 30 11:42:08 spark-6f0e kernel: NVRM: nvCheckOkFailedNoLog: Check failed: Out of memory [NV_ERR_NO_MEMORY] (0x00000051) returned from _memdescAllocInternal(pMemDesc) @ mem_desc.c:1359
Aug 30 11:42:09 spark-6f0e kernel: NVRM: nvCheckOkFailedNoLog: Check failed: Out of memory [NV_ERR_NO_MEMORY] (0x00000051) returned from _memdescAllocInternal(pMemDesc) @ mem_desc.c:1359
Aug 30 11:42:09 spark-6f0e kernel: NVRM: nvCheckOkFailedNoLog: Check failed: Out of memory [NV_ERR_NO_MEMORY] (0x00000051) returned from _memdescAllocInternal(pMemDesc) @ mem_desc.c:1359
Aug 30 11:42:09 spark-6f0e kernel: NVRM: nvCheckOkFailedNoLog: Check failed: Out of memory [NV_ERR_NO_MEMORY] (0x00000051) returned from _memdescAllocInternal(pMemDesc) @ mem_desc.c:1359
Aug 30 11:42:09 spark-6f0e kernel: NVRM: nvCheckOkFailedNoLog: Check failed: Out of memory [NV_ERR_NO_MEMORY] (0x00000051) returned from _memdescAllocInternal(pMemDesc) @ mem_desc.c:1359
Aug 30 11:42:09 spark-6f0e kernel: NVRM: nvCheckOkFailedNoLog: Check failed: Out of memory [NV_ERR_NO_MEMORY] (0x00000051) returned from _memdescAllocInternal(pMemDesc) @ mem_desc.c:1359
Aug 30 11:42:09 spark-6f0e kernel: NVRM: nvCheckOkFailedNoLog: Check failed: Out of memory [NV_ERR_NO_MEMORY] (0x00000051) returned from _memdescAllocInternal(pMemDesc) @ mem_desc.c:1359
Aug 30 11:42:09 spark-6f0e kernel: NVRM: nvCheckOkFailedNoLog: Check failed: Out of memory [NV_ERR_NO_MEMORY] (0x00000051) returned from _memdescAllocInternal(pMemDesc) @ mem_desc.c:1359
Aug 30 11:42:09 spark-6f0e kernel: NVRM: nvCheckOkFailedNoLog: Check failed: Out of memory [NV_ERR_NO_MEMORY] (0x00000051) returned from _memdescAllocInternal(pMemDesc) @ mem_desc.c:1359
Aug 30 11:42:09 spark-6f0e kernel: NVRM: nvCheckOkFailedNoLog: Check failed: Out of memory [NV_ERR_NO_MEMORY] (0x00000051) returned from _memdescAllocInternal(pMemDesc) @ mem_desc.c:1359
Aug 30 11:42:09 spark-6f0e kernel: NVRM: nvCheckOkFailedNoLog: Check failed: Out of memory [NV_ERR_NO_MEMORY] (0x00000051) returned from _memdescAllocInternal(pMemDesc) @ mem_desc.c:1359
Aug 30 11:42:09 spark-6f0e kernel: NVRM: nvCheckOkFailedNoLog: Check failed: Out of memory [NV_ERR_NO_MEMORY] (0x00000051) returned from _memdescAllocInternal(pMemDesc) @ mem_desc.c:1359
Aug 30 11:42:10 spark-6f0e kernel: NVRM: nvCheckOkFailedNoLog: Check failed: Out of memory [NV_ERR_NO_MEMORY] (0x00000051) returned from _memdescAllocInternal(pMemDesc) @ mem_desc.c:1359
Aug 30 11:42:10 spark-6f0e kernel: NVRM: nvCheckOkFailedNoLog: Check failed: Out of memory [NV_ERR_NO_MEMORY] (0x00000051) returned from _memdescAllocInternal(pMemDesc) @ mem_desc.c:1359
Aug 30 11:42:10 spark-6f0e kernel: NVRM: nvCheckOkFailedNoLog: Check failed: Out of memory [NV_ERR_NO_MEMORY] (0x00000051) returned from _memdescAllocInternal(pMemDesc) @ mem_desc.c:1359
Aug 30 11:42:10 spark-6f0e kernel: NVRM: nvCheckOkFailedNoLog: Check failed: Out of memory [NV_ERR_NO_MEMORY] (0x00000051) returned from _memdescAllocInternal(pMemDesc) @ mem_desc.c:1359
Aug 30 11:42:10 spark-6f0e kernel: NVRM: nvCheckOkFailedNoLog: Check failed: Out of memory [NV_ERR_NO_MEMORY] (0x00000051) returned from _memdescAllocInternal(pMemDesc) @ mem_desc.c:1359
Aug 30 11:42:10 spark-6f0e kernel: NVRM: nvCheckOkFailedNoLog: Check failed: Out of memory [NV_ERR_NO_MEMORY] (0x00000051) returned from _memdescAllocInternal(pMemDesc) @ mem_desc.c:1359
Aug 30 11:42:10 spark-6f0e kernel: NVRM: nvCheckOkFailedNoLog: Check failed: Out of memory [NV_ERR_NO_MEMORY] (0x00000051) returned from _memdescAllocInternal(pMemDesc) @ mem_desc.c:1359
Aug 30 11:42:10 spark-6f0e kernel: NVRM: nvCheckOkFailedNoLog: Check failed: Out of memory [NV_ERR_NO_MEMORY] (0x00000051) returned from _memdescAllocInternal(pMemDesc) @ mem_desc.c:1359
Aug 30 11:42:10 spark-6f0e kernel: NVRM: nvCheckOkFailedNoLog: Check failed: Out of memory [NV_ERR_NO_MEMORY] (0x00000051) returned from _memdescAllocInternal(pMemDesc) @ mem_desc.c:1359
Aug 30 11:42:10 spark-6f0e kernel: NVRM: nvCheckOkFailedNoLog: Check failed: Out of memory [NV_ERR_NO_MEMORY] (0x00000051) returned from _memdescAllocInternal(pMemDesc) @ mem_desc.c:1359
Aug 30 11:42:11 spark-6f0e kernel: NVRM: nvCheckOkFailedNoLog: Check failed: Out of memory [NV_ERR_NO_MEMORY] (0x00000051) returned from _memdescAllocInternal(pMemDesc) @ mem_desc.c:1359
Aug 30 11:42:11 spark-6f0e kernel: NVRM: nvCheckOkFailedNoLog: Check failed: Out of memory [NV_ERR_NO_MEMORY] (0x00000051) returned from _memdescAllocInternal(pMemDesc) @ mem_desc.c:1359
Aug 30 11:42:11 spark-6f0e kernel: NVRM: nvCheckOkFailedNoLog: Check failed: Out of memory [NV_ERR_NO_MEMORY] (0x00000051) returned from _memdescAllocInternal(pMemDesc) @ mem_desc.c:1359
Aug 30 11:42:11 spark-6f0e kernel: NVRM: nvCheckOkFailedNoLog: Check failed: Out of memory [NV_ERR_NO_MEMORY] (0x00000051) returned from _memdescAllocInternal(pMemDesc) @ mem_desc.c:1359
Aug 30 11:42:11 spark-6f0e kernel: NVRM: nvCheckOkFailedNoLog: Check failed: Out of memory [NV_ERR_NO_MEMORY] (0x00000051) returned from _memdescAllocInternal(pMemDesc) @ mem_desc.c:1359
Aug 30 11:42:12 spark-6f0e kernel: NVRM: nvCheckOkFailedNoLog: Check failed: Out of memory [NV_ERR_NO_MEMORY] (0x00000051) returned from _memdescAllocInternal(pMemDesc) @ mem_desc.c:1359
Aug 30 11:42:12 spark-6f0e kernel: NVRM: nvCheckOkFailedNoLog: Check failed: Out of memory [NV_ERR_NO_MEMORY] (0x00000051) returned from _memdescAllocInternal(pMemDesc) @ mem_desc.c:1359
Aug 30 11:42:12 spark-6f0e kernel: NVRM: nvCheckOkFailedNoLog: Check failed: Out of memory [NV_ERR_NO_MEMORY] (0x00000051) returned from _memdescAllocInternal(pMemDesc) @ mem_desc.c:1359
Aug 30 11:42:12 spark-6f0e kernel: NVRM: nvCheckOkFailedNoLog: Check failed: Out of memory [NV_ERR_NO_MEMORY] (0x00000051) returned from _memdescAllocInternal(pMemDesc) @ mem_desc.c:1359
Aug 30 11:42:12 spark-6f0e kernel: NVRM: nvCheckOkFailedNoLog: Check failed: Out of memory [NV_ERR_NO_MEMORY] (0x00000051) returned from _memdescAllocInternal(pMemDesc) @ mem_desc.c:1359
Aug 30 11:42:12 spark-6f0e kernel: NVRM: nvCheckOkFailedNoLog: Check failed: Out of memory [NV_ERR_NO_MEMORY] (0x00000051) returned from _memdescAllocInternal(pMemDesc) @ mem_desc.c:1359
Aug 30 11:42:12 spark-6f0e kernel: NVRM: nvCheckOkFailedNoLog: Check failed: Out of memory [NV_ERR_NO_MEMORY] (0x00000051) returned from _memdescAllocInternal(pMemDesc) @ mem_desc.c:1359
Aug 30 11:42:12 spark-6f0e kernel: NVRM: nvCheckOkFailedNoLog: Check failed: Out of memory [NV_ERR_NO_MEMORY] (0x00000051) returned from _memdescAllocInternal(pMemDesc) @ mem_desc.c:1359
Aug 30 11:42:12 spark-6f0e kernel: NVRM: nvCheckOkFailedNoLog: Check failed: Out of memory [NV_ERR_NO_MEMORY] (0x00000051) returned from _memdescAllocInternal(pMemDesc) @ mem_desc.c:1359
Aug 30 11:42:12 spark-6f0e kernel: NVRM: nvCheckOkFailedNoLog: Check failed: Out of memory [NV_ERR_NO_MEMORY] (0x00000051) returned from _memdescAllocInternal(pMemDesc) @ mem_desc.c:1359
Aug 30 11:42:12 spark-6f0e kernel: NVRM: nvCheckOkFailedNoLog: Check failed: Out of memory [NV_ERR_NO_MEMORY] (0x00000051) returned from _memdescAllocInternal(pMemDesc) @ mem_desc.c:1359
Aug 30 11:42:13 spark-6f0e kernel: NVRM: nvCheckOkFailedNoLog: Check failed: Out of memory [NV_ERR_NO_MEMORY] (0x00000051) returned from _memdescAllocInternal(pMemDesc) @ mem_desc.c:1359
Aug 30 11:42:13 spark-6f0e kernel: NVRM: nvCheckOkFailedNoLog: Check failed: Out of memory [NV_ERR_NO_MEMORY] (0x00000051) returned from _memdescAllocInternal(pMemDesc) @ mem_desc.c:1359
Aug 30 11:42:13 spark-6f0e kernel: NVRM: nvCheckOkFailedNoLog: Check failed: Out of memory [NV_ERR_NO_MEMORY] (0x00000051) returned from _memdescAllocInternal(pMemDesc) @ mem_desc.c:1359
Aug 30 11:42:13 spark-6f0e kernel: NVRM: nvCheckOkFailedNoLog: Check failed: Out of memory [NV_ERR_NO_MEMORY] (0x00000051) returned from _memdescAllocInternal(pMemDesc) @ mem_desc.c:1359
Aug 30 11:42:13 spark-6f0e kernel: NVRM: nvCheckOkFailedNoLog: Check failed: Out of memory [NV_ERR_NO_MEMORY] (0x00000051) returned from _memdescAllocInternal(pMemDesc) @ mem_desc.c:1359
Aug 30 11:42:13 spark-6f0e kernel: NVRM: nvCheckOkFailedNoLog: Check failed: Out of memory [NV_ERR_NO_MEMORY] (0x00000051) returned from _memdescAllocInternal(pMemDesc) @ mem_desc.c:1359
Aug 30 11:42:13 spark-6f0e kernel: NVRM: nvCheckOkFailedNoLog: Check failed: Out of memory [NV_ERR_NO_MEMORY] (0x00000051) returned from _memdescAllocInternal(pMemDesc) @ mem_desc.c:1359
Aug 30 11:42:13 spark-6f0e kernel: NVRM: nvCheckOkFailedNoLog: Check failed: Out of memory [NV_ERR_NO_MEMORY] (0x00000051) returned from _memdescAllocInternal(pMemDesc) @ mem_desc.c:1359
Aug 30 11:42:13 spark-6f0e kernel: NVRM: nvCheckOkFailedNoLog: Check failed: Out of memory [NV_ERR_NO_MEMORY] (0x00000051) returned from _memdescAllocInternal(pMemDesc) @ mem_desc.c:1359
Aug 30 11:42:14 spark-6f0e kernel: NVRM: nvCheckOkFailedNoLog: Check failed: Out of memory [NV_ERR_NO_MEMORY] (0x00000051) returned from _memdescAllocInternal(pMemDesc) @ mem_desc.c:1359
Aug 30 11:42:14 spark-6f0e kernel: NVRM: nvCheckOkFailedNoLog: Check failed: Out of memory [NV_ERR_NO_MEMORY] (0x00000051) returned from _memdescAllocInternal(pMemDesc) @ mem_desc.c:1359
Aug 30 11:42:14 spark-6f0e kernel: NVRM: nvCheckOkFailedNoLog: Check failed: Out of memory [NV_ERR_NO_MEMORY] (0x00000051) returned from _memdescAllocInternal(pMemDesc) @ mem_desc.c:1359
Aug 30 11:42:14 spark-6f0e kernel: NVRM: nvCheckOkFailedNoLog: Check failed: Out of memory [NV_ERR_NO_MEMORY] (0x00000051) returned from _memdescAllocInternal(pMemDesc) @ mem_desc.c:1359
Aug 30 11:42:14 spark-6f0e kernel: NVRM: nvCheckOkFailedNoLog: Check failed: Out of memory [NV_ERR_NO_MEMORY] (0x00000051) returned from _memdescAllocInternal(pMemDesc) @ mem_desc.c:1359
Aug 30 11:42:14 spark-6f0e kernel: NVRM: nvCheckOkFailedNoLog: Check failed: Out of memory [NV_ERR_NO_MEMORY] (0x00000051) returned from _memdescAllocInternal(pMemDesc) @ mem_desc.c:1359
Aug 30 11:42:14 spark-6f0e kernel: NVRM: nvCheckOkFailedNoLog: Check failed: Out of memory [NV_ERR_NO_MEMORY] (0x00000051) returned from _memdescAllocInternal(pMemDesc) @ mem_desc.c:1359
Aug 30 11:42:14 spark-6f0e kernel: NVRM: nvCheckOkFailedNoLog: Check failed: Out of memory [NV_ERR_NO_MEMORY] (0x00000051) returned from _memdescAllocInternal(pMemDesc) @ mem_desc.c:1359
Aug 30 11:42:15 spark-6f0e kernel: NVRM: nvCheckOkFailedNoLog: Check failed: Out of memory [NV_ERR_NO_MEMORY] (0x00000051) returned from _memdescAllocInternal(pMemDesc) @ mem_desc.c:1359
Aug 30 11:42:15 spark-6f0e kernel: NVRM: nvCheckOkFailedNoLog: Check failed: Out of memory [NV_ERR_NO_MEMORY] (0x00000051) returned from _memdescAllocInternal(pMemDesc) @ mem_desc.c:1359
Aug 30 11:42:15 spark-6f0e kernel: NVRM: nvCheckOkFailedNoLog: Check failed: Out of memory [NV_ERR_NO_MEMORY] (0x00000051) returned from _memdescAllocInternal(pMemDesc) @ mem_desc.c:1359
Aug 30 11:42:16 spark-6f0e kernel: NVRM: nvCheckOkFailedNoLog: Check failed: Out of memory [NV_ERR_NO_MEMORY] (0x00000051) returned from _memdescAllocInternal(pMemDesc) @ mem_desc.c:1359
Aug 30 11:42:16 spark-6f0e kernel: NVRM: nvCheckOkFailedNoLog: Check failed: Out of memory [NV_ERR_NO_MEMORY] (0x00000051) returned from _memdescAllocInternal(pMemDesc) @ mem_desc.c:1359
Aug 30 11:42:16 spark-6f0e kernel: NVRM: nvCheckOkFailedNoLog: Check failed: Out of memory [NV_ERR_NO_MEMORY] (0x00000051) returned from _memdescAllocInternal(pMemDesc) @ mem_desc.c:1359
Aug 30 11:42:16 spark-6f0e kernel: NVRM: nvCheckOkFailedNoLog: Check failed: Out of memory [NV_ERR_NO_MEMORY] (0x00000051) returned from _memdescAllocInternal(pMemDesc) @ mem_desc.c:1359
Aug 30 11:42:17 spark-6f0e kernel: NVRM: nvCheckOkFailedNoLog: Check failed: Out of memory [NV_ERR_NO_MEMORY] (0x00000051) returned from _memdescAllocInternal(pMemDesc) @ mem_desc.c:1359
Aug 30 11:42:17 spark-6f0e kernel: NVRM: nvCheckOkFailedNoLog: Check failed: Out of memory [NV_ERR_NO_MEMORY] (0x00000051) returned from _memdescAllocInternal(pMemDesc) @ mem_desc.c:1359
Aug 30 11:42:17 spark-6f0e kernel: NVRM: nvCheckOkFailedNoLog: Check failed: Out of memory [NV_ERR_NO_MEMORY] (0x00000051) returned from _memdescAllocInternal(pMemDesc) @ mem_desc.c:1359
Aug 30 11:42:17 spark-6f0e kernel: NVRM: nvCheckOkFailedNoLog: Check failed: Out of memory [NV_ERR_NO_MEMORY] (0x00000051) returned from _memdescAllocInternal(pMemDesc) @ mem_desc.c:1359
Aug 30 11:42:18 spark-6f0e kernel: NVRM: nvCheckOkFailedNoLog: Check failed: Out of memory [NV_ERR_NO_MEMORY] (0x00000051) returned from _memdescAllocInternal(pMemDesc) @ mem_desc.c:1359
Aug 30 11:42:19 spark-6f0e kernel: NVRM: nvCheckOkFailedNoLog: Check failed: Out of memory [NV_ERR_NO_MEMORY] (0x00000051) returned from _memdescAllocInternal(pMemDesc) @ mem_desc.c:1359
Aug 30 11:42:20 spark-6f0e kernel: NVRM: nvCheckOkFailedNoLog: Check failed: Out of memory [NV_ERR_NO_MEMORY] (0x00000051) returned from _memdescAllocInternal(pMemDesc) @ mem_desc.c:1359
Aug 30 11:42:22 spark-6f0e systemd-journald[644]: Under memory pressure, flushing caches.
Aug 30 11:42:23 spark-6f0e kernel: NVRM: nvCheckOkFailedNoLog: Check failed: Out of memory [NV_ERR_NO_MEMORY] (0x00000051) returned from _memdescAllocInternal(pMemDesc) @ mem_desc.c:1359
Aug 30 11:42:38 spark-6f0e systemd-journald[644]: Under memory pressure, flushing caches.
Aug 30 11:42:45 spark-6f0e systemd-journald[644]: Under memory pressure, flushing caches.
Aug 30 11:42:53 spark-6f0e kernel: NVRM: nvCheckOkFailedNoLog: Check failed: Out of memory [NV_ERR_NO_MEMORY] (0x00000051) returned from _memdescAllocInternal(pMemDesc) @ mem_desc.c:1359
Aug 30 11:42:53 spark-6f0e systemd-journald[644]: Under memory pressure, flushing caches.
Aug 30 11:43:15 spark-6f0e systemd-journald[644]: Under memory pressure, flushing caches.
Aug 30 11:43:18 spark-6f0e systemd-journald[644]: Under memory pressure, flushing caches.
Aug 30 11:43:20 spark-6f0e systemd-journald[644]: Under memory pressure, flushing caches.
Aug 30 11:43:43 spark-6f0e systemd-journald[644]: Under memory pressure, flushing caches.
