00:27:02 124610 4691 119919 417 
00:27:12 124610 49359 75250 417 
00:27:22 124610 107147 17462 417 
00:27:32 124610 107784 16825 417 
00:27:42 124610 107686 16923 417 
00:27:52 124610 107654 16955 417 
00:28:02 124610 107644 16965 417 
00:28:12 124610 107651 16958 417 
00:28:22 124610 107654 16955 417 
00:28:32 124610 107673 16936 417 
00:28:42 124610 107687 16923 417 
00:28:52 124610 107696 16913 417 
00:29:02 124610 107688 16921 417 
00:29:12 124610 107700 16909 417 
00:29:22 124610 107701 16908 417 
00:29:32 124610 107699 16910 417 
00:29:42 124610 2769 121840 417 
00:29:52 124610 2782 121827 417 
00:30:02 124610 2781 121828 417 
00:30:12 124610 2771 121838 417 
00:30:22 124610 2771 121838 417 
00:30:32 124610 2773 121836 417 
00:30:42 124610 2778 121831 417 
00:30:52 124610 2775 121834 417 
00:31:02 124610 2767 121842 417 
00:31:12 124610 2765 121845 417 
00:31:22 124610 2768 121842 417 
00:31:32 124610 2764 121846 417 
00:31:42 124610 2762 121848 417 
00:31:52 124610 2768 121841 417 
00:32:02 124610 2768 121842 417 
00:32:12 124610 2766 121843 417 
00:32:22 124610 2764 121845 417 
00:32:32 124610 2772 121837 417 
00:32:42 124610 2769 121840 417 
00:32:52 124610 2768 121841 417 
00:33:02 124610 2763 121846 417 
00:33:12 124610 2766 121843 417 
00:33:22 124610 2763 121846 417 
00:33:32 124610 2762 121848 417 
00:33:42 124610 2760 121849 417 
00:33:52 124610 2764 121845 417 
00:34:02 124610 2764 121845 417 
00:34:12 124610 2771 121838 417 
00:34:22 124610 2775 121834 417 
00:34:32 124610 2770 121839 417 
00:34:42 124610 2769 121840 417 
00:34:52 124610 2774 121836 417 
00:35:02 124610 2769 121841 417 
00:35:12 124610 2760 121849 417 
00:35:22 124610 2766 121843 417 
00:35:32 124610 2769 121840 417 
00:35:42 124610 2768 121841 417 
00:35:52 124610 2769 121840 417 
00:36:02 124610 2764 121845 417 
00:36:13 124610 2770 121839 417 
00:36:23 124610 2781 121828 417 
00:36:33 124610 2776 121833 417 
00:36:43 124610 2770 121839 417 
00:36:53 124610 2766 121843 417 
00:37:03 124610 2760 121850 417 
00:37:13 124610 2762 121847 417 
00:37:23 124610 2768 121841 417 
00:37:33 124610 2766 121843 417 
00:37:43 124610 2768 121841 417 
00:37:53 124610 2765 121844 417 
00:38:03 124610 2763 121846 417 
00:38:13 124610 2765 121844 417 
00:38:23 124610 2756 121853 417 
00:38:33 124610 2762 121847 417 
00:38:43 124610 2761 121848 417 
00:38:53 124610 2762 121848 417 
00:39:03 124610 2765 121844 417 
00:39:13 124610 2766 121844 417 
00:39:23 124610 2758 121851 417 
00:39:33 124610 2761 121849 417 
00:39:43 124610 2766 121844 417 
00:39:53 124610 2763 121846 417 
00:40:03 124610 2759 121850 417 
00:40:13 124610 2765 121844 417 
00:40:23 124610 2762 121848 417 
00:40:33 124610 2758 121851 417 
00:40:43 124610 2758 121851 417 
00:40:53 124610 2767 121842 417 
00:41:03 124610 2764 121845 417 
00:41:13 124610 2764 121845 417 
00:41:23 124610 2765 121844 417 
00:41:33 124610 2758 121851 417 
00:41:43 124610 2764 121846 417 
00:41:53 124610 2767 121843 417 
00:42:03 124610 2760 121849 417 
00:42:13 124610 2771 121838 417 
00:42:23 124610 2768 121842 417 
00:42:33 124610 2771 121839 417 
00:42:43 124610 2863 121746 417 
00:42:53 124610 2862 121747 417 
00:43:03 124610 2959 121651 417 
00:43:13 124610 2848 121761 417 
00:43:23 124610 2800 121809 417 
00:43:33 124610 2787 121822 417 
00:43:43 124610 2790 121819 417 
00:43:53 124610 2781 121829 417 
00:44:03 124610 2782 121827 417 
00:44:13 124610 2783 121826 417 
00:44:23 124610 2778 121831 417 
00:44:33 124610 2772 121837 417 
00:44:43 124610 2773 121837 417 
00:44:53 124610 2777 121832 417 
00:45:03 124610 2775 121834 417 
00:45:13 124610 2762 121847 417 
00:45:23 124610 2763 121846 417 
00:45:33 124610 2755 121854 417 
00:45:43 124610 2771 121838 417 
00:45:53 124610 2772 121837 417 
00:46:03 124610 2772 121837 417 
00:46:13 124610 2770 121840 417 
00:46:23 124610 2777 121832 417 
00:46:33 124610 2775 121834 417 
00:46:43 124610 2767 121842 417 
00:46:53 124610 2769 121840 417 
00:47:03 124610 2762 121847 417 
00:47:13 124610 2763 121846 417 
00:47:23 124610 2772 121838 417 
00:47:33 124610 2767 121842 417 
00:47:43 124610 2769 121840 417 
00:47:53 124610 2766 121843 417 
00:48:03 124610 2762 121847 417 
00:48:13 124610 2767 121843 417 
00:48:23 124610 2760 121849 417 
00:48:33 124610 2755 121855 417 
00:48:43 124610 2753 121856 417 
00:48:53 124610 2761 121848 417 
00:49:03 124610 2765 121844 417 
00:49:13 124610 2769 121840 417 
00:49:23 124610 2769 121840 417 
00:49:33 124610 2775 121834 417 
00:49:43 124610 2772 121837 417 
00:49:53 124610 2772 121837 417 
00:50:03 124610 2768 121841 417 
00:50:13 124610 2769 121840 417 
00:50:23 124610 2769 121840 417 
00:50:33 124610 2767 121842 417 
00:50:43 124610 2767 121843 417 
00:50:53 124610 2755 121854 417 
00:51:03 124610 2757 121852 417 
00:51:13 124610 2760 121849 417 
00:51:23 124610 2752 121857 417 
00:51:33 124610 2755 121854 417 
00:51:43 124610 2754 121855 417 
00:51:53 124610 2755 121854 417 
00:52:03 124610 2760 121849 417 
00:52:13 124610 2762 121847 417 
00:52:23 124610 2760 121849 417 
00:52:33 124610 2772 121837 417 
00:52:43 124610 2770 121839 417 
00:52:53 124610 2775 121834 417 
00:53:03 124610 2775 121834 417 
00:53:13 124610 2771 121838 417 
00:53:23 124610 2774 121835 417 
00:53:33 124610 2774 121835 417 
00:53:43 124610 2771 121838 417 
00:53:53 124610 2762 121847 417 
00:54:03 124610 2758 121851 417 
00:54:13 124610 2759 121851 417 
00:54:23 124610 2767 121842 417 
00:54:33 124610 2760 121849 417 
00:54:43 124610 2755 121855 417 
00:54:53 124610 2763 121846 417 
00:55:03 124610 2765 121844 417 
00:55:13 124610 2770 121840 417 
00:55:23 124610 2761 121848 417 
00:55:33 124610 2776 121834 417 
00:55:43 124610 2770 121839 417 
00:55:53 124610 2759 121850 417 
00:56:03 124610 2762 121847 417 
00:56:13 124610 2766 121843 417 
00:56:23 124610 2766 121843 417 
00:56:33 124610 2772 121837 417 
00:56:43 124610 2771 121838 417 
00:56:53 124610 2765 121844 417 
00:57:03 124610 2770 121839 417 
00:57:13 124610 2772 121837 417 
00:57:23 124610 2767 121842 417 
00:57:33 124610 2767 121842 417 
00:57:43 124610 2768 121842 417 
00:57:53 124610 2763 121846 417 
00:58:03 124610 2770 121839 417 
00:58:13 124610 2771 121838 417 
00:58:23 124610 2766 121843 417 
00:58:33 124610 2767 121842 417 
00:58:43 124610 2766 121844 417 
00:58:53 124610 2774 121835 417 
00:59:03 124610 2771 121838 417 
00:59:13 124610 2762 121847 417 
00:59:23 124610 2760 121849 417 
00:59:33 124610 2755 121854 417 
00:59:43 124610 2753 121856 417 
00:59:53 124610 2758 121851 417 
01:00:03 124610 2754 121855 417 
01:00:13 124610 2759 121850 417 
01:00:23 124610 2762 121848 417 
01:00:33 124610 2751 121858 417 
01:00:43 124610 2770 121839 417 
01:00:53 124610 2767 121843 417 
01:01:03 124610 2765 121844 417 
01:01:13 124610 2764 121845 417 
01:01:23 124610 2764 121845 417 
01:01:33 124610 2767 121842 417 
01:01:43 124610 2763 121846 417 
01:01:53 124610 2765 121844 417 
01:02:03 124610 2763 121846 417 
01:02:13 124610 2773 121836 417 
01:02:23 124610 2776 121834 417 
01:02:33 124610 2775 121834 417 
01:02:43 124610 2777 121833 417 
01:02:53 124610 2774 121835 417 
01:03:03 124610 2766 121843 417 
01:03:13 124610 2767 121842 417 
01:03:23 124610 2770 121839 417 
01:03:33 124610 2764 121845 417 
01:03:43 124610 2764 121845 417 
01:03:53 124610 2771 121838 417 
01:04:03 124610 2767 121842 417 
01:04:13 124610 2775 121834 417 
01:04:23 124610 2775 121834 417 
01:04:33 124610 2769 121840 417 
01:04:43 124610 2765 121844 417 
01:04:53 124610 2768 121841 417 
01:05:03 124610 2763 121846 417 
01:05:13 124610 2764 121845 417 
01:05:23 124610 2761 121848 417 
01:05:33 124610 2770 121839 417 
01:05:43 124610 2769 121841 417 
01:05:53 124610 2771 121838 417 
01:06:03 124610 2763 121847 417 
01:06:13 124610 2768 121841 417 
01:06:24 124610 2759 121850 417 
01:06:34 124610 2765 121845 417 
01:06:44 124610 2765 121844 417 
01:06:54 124610 2770 121839 417 
01:07:04 124610 2763 121847 417 
01:07:14 124610 2755 121854 417 
01:07:24 124610 2755 121854 417 
01:07:34 124610 2751 121858 417 
01:07:44 124610 2748 121861 417 
01:07:54 124610 2753 121856 417 
01:08:04 124610 2758 121851 417 
01:08:14 124610 2760 121849 417 
01:08:24 124610 2766 121844 417 
01:08:34 124610 2757 121852 417 
01:08:44 124610 2756 121853 417 
01:08:54 124610 2754 121855 417 
01:09:04 124610 2757 121852 417 
01:09:14 124610 2760 121849 417 
01:09:24 124610 2760 121849 417 
01:09:34 124610 2763 121846 417 
01:09:44 124610 2769 121840 417 
01:09:54 124610 2775 121834 417 
01:10:04 124610 2757 121852 417 
01:10:14 124610 2765 121844 417 
01:10:24 124610 2758 121852 417 
01:10:34 124610 2761 121848 417 
01:10:44 124610 2764 121846 417 
01:10:54 124610 2761 121848 417 
01:11:04 124610 2761 121848 417 
01:11:14 124610 2758 121851 417 
01:11:24 124610 2764 121846 417 
01:11:34 124610 2763 121846 417 
01:11:44 124610 2764 121845 417 
01:11:54 124610 2757 121852 417 
01:12:04 124610 2753 121856 417 
01:12:14 124610 2757 121852 417 
01:12:24 124610 2767 121842 417 
01:12:34 124610 2768 121841 417 
01:12:44 124610 2765 121845 417 
01:12:54 124610 2763 121846 417 
01:13:04 124610 2762 121847 417 
01:13:14 124610 2764 121845 417 
01:13:24 124610 2754 121856 417 
01:13:34 124610 2760 121849 417 
01:13:44 124610 2772 121837 417 
01:13:54 124610 2763 121846 417 
01:14:04 124610 2765 121844 417 
01:14:14 124610 2763 121846 417 
01:14:24 124610 2776 121833 417 
01:14:34 124610 2775 121834 417 
01:14:44 124610 2767 121842 417 
01:14:54 124610 2762 121847 417 
01:15:04 124610 2762 121847 417 
01:15:14 124610 2765 121844 417 
01:15:24 124610 2772 121838 417 
01:15:34 124610 2775 121834 417 
01:15:44 124610 2767 121842 417 
01:15:54 124610 2766 121843 417 
01:16:04 124610 2760 121849 417 
01:16:14 124610 2762 121847 417 
01:16:24 124610 2769 121840 417 
01:16:34 124610 2765 121845 417 
01:16:44 124610 2765 121844 417 
01:16:54 124610 2762 121847 417 
01:17:04 124610 2767 121843 417 
01:17:14 124610 2767 121842 417 
01:17:24 124610 2762 121847 417 
01:17:34 124610 2762 121847 417 
01:17:44 124610 2769 121840 417 
01:17:54 124610 2762 121847 417 
01:18:04 124610 2757 121852 417 
01:18:14 124610 2762 121847 417 
01:18:24 124610 2762 121847 417 
01:18:34 124610 2765 121845 417 
01:18:44 124610 2760 121849 417 
01:18:54 124610 2767 121842 417 
01:19:04 124610 2754 121855 417 
01:19:14 124610 2762 121847 417 
01:19:24 124610 2759 121850 417 
01:19:34 124610 2758 121852 417 
01:19:44 124610 2768 121842 417 
01:19:54 124610 2768 121841 417 
01:20:04 124610 2766 121844 417 
01:20:14 124610 2768 121841 417 
01:20:24 124610 2760 121849 417 
01:20:34 124610 2765 121844 417 
01:20:44 124610 2761 121848 417 
01:20:54 124610 2759 121851 417 
01:21:04 124610 2764 121845 417 
01:21:14 124610 2767 121842 417 
01:21:24 124610 2756 121854 417 
01:21:34 124610 2763 121846 417 
01:21:44 124610 2755 121854 417 
01:21:54 124610 2762 121847 417 
01:22:04 124610 2776 121834 417 
01:22:14 124610 2765 121844 417 
01:22:24 124610 2753 121856 417 
01:22:34 124610 2760 121849 417 
01:22:44 124610 2760 121849 417 
01:22:54 124610 2758 121851 417 
01:23:04 124610 2762 121847 417 
01:23:14 124610 2763 121846 417 
01:23:24 124610 2768 121842 417 
01:23:34 124610 2769 121840 417 
01:23:44 124610 2768 121841 417 
01:23:54 124610 2767 121842 417 
01:24:04 124610 2765 121844 417 
01:24:14 124610 2760 121849 417 
01:24:24 124610 2763 121846 417 
01:24:34 124610 2765 121844 417 
01:24:44 124610 2765 121844 417 
01:24:54 124610 2764 121845 417 
01:25:04 124610 2759 121850 417 
01:25:14 124610 2764 121845 417 
01:25:24 124610 2765 121844 417 
01:25:34 124610 2763 121846 417 
01:25:44 124610 2758 121851 417 
01:25:54 124610 2757 121852 417 
01:26:04 124610 2758 121851 417 
01:26:14 124610 2755 121854 417 
01:26:24 124610 2751 121858 417 
01:26:34 124610 2755 121854 417 
01:26:44 124610 2761 121849 417 
01:26:54 124610 2764 121845 417 
01:27:04 124610 2768 121841 417 
01:27:14 124610 2777 121833 417 
01:27:24 124610 2757 121852 417 
01:27:34 124610 2753 121856 417 
01:27:44 124610 2759 121850 417 
01:27:54 124610 2762 121848 417 
01:28:04 124610 2764 121845 417 
01:28:14 124610 2756 121853 417 
01:28:24 124610 2757 121852 417 
01:28:34 124610 2758 121851 417 
01:28:44 124610 2765 121844 417 
01:28:54 124610 2760 121849 417 
01:29:04 124610 2762 121847 417 
01:29:14 124610 2762 121847 417 
01:29:24 124610 2764 121845 417 
01:29:34 124610 2768 121841 417 
01:29:44 124610 2770 121839 417 
01:29:54 124610 2753 121856 417 
01:30:04 124610 2754 121855 417 
01:30:14 124610 2758 121852 417 
01:30:24 124610 2755 121854 417 
01:30:34 124610 2760 121849 417 
01:30:44 124610 2758 121852 417 
01:30:54 124610 2753 121856 417 
01:31:04 124610 2759 121850 417 
01:31:14 124610 2750 121860 417 
01:31:24 124610 2760 121849 417 
01:31:34 124610 2768 121841 417 
01:31:44 124610 2767 121842 417 
01:31:54 124610 2759 121850 417 
01:32:04 124610 2760 121850 417 
01:32:14 124610 2763 121846 417 
01:32:24 124610 2760 121849 417 
01:32:34 124610 2757 121852 417 
01:32:44 124610 2753 121856 417 
01:32:54 124610 2758 121851 417 
01:33:04 124610 2756 121853 417 
01:33:14 124610 2760 121849 417 
01:33:24 124610 2765 121844 417 
01:33:34 124610 2773 121837 417 
01:33:44 124610 2770 121839 417 
01:33:54 124610 2775 121834 417 
01:34:04 124610 2768 121841 417 
01:34:14 124610 2769 121840 417 
01:34:24 124610 2759 121850 417 
01:34:34 124610 2762 121848 417 
01:34:44 124610 2763 121846 417 
01:34:54 124610 2764 121846 417 
01:35:04 124610 2761 121848 417 
01:35:14 124610 2760 121849 417 
01:35:24 124610 2765 121844 417 
01:35:34 124610 2765 121844 417 
01:35:44 124610 2758 121851 417 
01:35:54 124610 2755 121854 417 
01:36:04 124610 2756 121853 417 
01:36:15 124610 2753 121856 417 
01:36:25 124610 2759 121850 417 
01:36:35 124610 2760 121849 417 
01:36:45 124610 2768 121841 417 
01:36:55 124610 2771 121838 417 
01:37:05 124610 2770 121839 417 
01:37:15 124610 2768 121841 417 
01:37:25 124610 2766 121843 417 
01:37:35 124610 2763 121846 417 
01:37:45 124610 2758 121851 417 
01:37:55 124610 2754 121855 417 
01:38:05 124610 2752 121857 417 
01:38:15 124610 2752 121857 417 
01:38:25 124610 2752 121857 417 
01:38:35 124610 2754 121855 417 
01:38:45 124610 2761 121849 417 
01:38:55 124610 2770 121839 417 
01:39:05 124610 2761 121848 417 
01:39:15 124610 2762 121847 417 
01:39:25 124610 2763 121846 417 
01:39:35 124610 2919 121690 417 
01:39:45 124610 2775 121834 417 
01:39:55 124610 2765 121844 417 
01:40:05 124610 2762 121847 417 
01:40:15 124610 2765 121844 417 
01:40:25 124610 2762 121848 417 
01:40:35 124610 2759 121850 417 
01:40:45 124610 2758 121851 417 
01:40:55 124610 2757 121852 417 
01:41:05 124610 2760 121849 417 
01:41:15 124610 2760 121849 417 
01:41:25 124610 2761 121849 417 
01:41:35 124610 2765 121844 417 
01:41:45 124610 2767 121843 417 
01:41:55 124610 2777 121833 417 
01:42:05 124610 2768 121841 417 
01:42:15 124610 2770 121840 417 
01:42:25 124610 2765 121844 417 
01:42:35 124610 2795 121814 417 
01:42:45 124610 2980 121629 417 
01:42:55 124610 2956 121653 417 
01:43:05 124610 2870 121739 417 
01:43:15 124610 2809 121801 417 
01:43:25 124610 2791 121818 417 
01:43:35 124610 2791 121818 417 
01:43:45 124610 2793 121816 417 
01:43:55 124610 2786 121824 417 
01:44:05 124610 2782 121827 417 
01:44:15 124610 2777 121832 417 
01:44:25 124610 2766 121843 417 
01:44:35 124610 2778 121831 417 
01:44:45 124610 2779 121830 417 
01:44:55 124610 2780 121829 417 
01:45:05 124610 2783 121826 417 
01:45:15 124610 2783 121826 417 
01:45:25 124610 2786 121823 417 
01:45:35 124610 2776 121833 417 
01:45:45 124610 2775 121834 417 
01:45:55 124610 2767 121842 417 
01:46:05 124610 2763 121846 417 
01:46:15 124610 2769 121840 417 
01:46:25 124610 2766 121843 417 
01:46:35 124610 2774 121835 417 
01:46:45 124610 2772 121837 417 
01:46:55 124610 2773 121836 417 
01:47:05 124610 2781 121828 417 
01:47:15 124610 2772 121837 417 
01:47:25 124610 2778 121831 417 
01:47:35 124610 2782 121828 417 
01:47:45 124610 2774 121835 417 
01:47:55 124610 2777 121833 417 
01:48:05 124610 2768 121841 417 
01:48:15 124610 2781 121828 417 
01:48:25 124610 2773 121836 417 
01:48:35 124610 2766 121843 417 
01:48:45 124610 2772 121837 417 
01:48:55 124610 2763 121847 417 
01:49:05 124610 2765 121844 417 
01:49:15 124610 2767 121843 417 
01:49:25 124610 2773 121836 417 
01:49:35 124610 2768 121841 417 
01:49:45 124610 2767 121843 417 
01:49:55 124610 2773 121837 417 
01:50:05 124610 2771 121838 417 
01:50:15 124610 2758 121851 417 
01:50:25 124610 2765 121844 417 
01:50:35 124610 2769 121840 417 
01:50:45 124610 2768 121841 417 
01:50:55 124610 2769 121841 417 
01:51:05 124610 2778 121831 417 
01:51:15 124610 2773 121836 417 
01:51:25 124610 2768 121841 417 
01:51:35 124610 2765 121844 417 
01:51:45 124610 2764 121845 417 
01:51:55 124610 2765 121844 417 
01:52:05 124610 2759 121850 417 
01:52:15 124610 2763 121846 417 
01:52:25 124610 2760 121849 417 
01:52:35 124610 2763 121846 417 
01:52:45 124610 2776 121833 417 
01:52:55 124610 2769 121840 417 
01:53:05 124610 2779 121830 417 
01:53:15 124610 2770 121839 417 
01:53:25 124610 2760 121849 417 
01:53:35 124610 2764 121845 417 
01:53:45 124610 2761 121848 417 
01:53:55 124610 2765 121844 417 
01:54:05 124610 2760 121849 417 
01:54:15 124610 2757 121852 417 
01:54:25 124610 2754 121855 417 
