2026-08-30T22:29:23Z 2748 121861 421 0.10, 0.21, 0.56 
2026-08-30T22:29:33Z 2742 121867 421 0.09, 0.20, 0.55 
2026-08-30T22:29:44Z 2744 121865 421 0.07, 0.19, 0.55 
2026-08-30T22:29:54Z 2756 121853 421 0.06, 0.19, 0.54 
2026-08-30T22:30:05Z 3764 120845 421 0.28, 0.23, 0.55 
2026-08-30T22:30:15Z 4254 120356 421 0.46, 0.27, 0.56 
2026-08-30T22:30:25Z 5342 119267 421 0.55, 0.30, 0.57 
2026-08-30T22:30:36Z 49930 74680 421 0.76, 0.35, 0.58 
2026-08-30T22:30:46Z 31249 93360 421 1.13, 0.45, 0.61 
2026-08-30T22:30:57Z 31331 93279 421 1.11, 0.47, 0.62 
2026-08-30T22:31:08Z 40144 84466 421 1.09, 0.49, 0.62 
2026-08-30T22:31:18Z 40352 84257 421 1.08, 0.51, 0.63 
2026-08-30T22:31:29Z 41284 83325 421 1.28, 0.57, 0.65 
2026-08-30T22:31:39Z 36108 88501 421 1.32, 0.60, 0.66 
2026-08-30T22:31:50Z 37012 87597 421 1.27, 0.62, 0.66 
2026-08-30T22:32:00Z 40249 84360 421 1.23, 0.63, 0.66 
2026-08-30T22:32:11Z 41503 83106 421 1.19, 0.64, 0.67 
2026-08-30T22:32:22Z 37436 87173 421 1.15, 0.66, 0.67 
2026-08-30T22:32:32Z 42924 81685 421 1.13, 0.67, 0.68 
2026-08-30T22:32:42Z 48320 76289 421 1.11, 0.68, 0.68 
2026-08-30T22:32:53Z 103255 21355 421 1.09, 0.69, 0.68 
2026-08-30T22:33:03Z 102899 21710 421 1.15, 0.72, 0.69 
2026-08-30T22:33:14Z 102666 21943 421 1.13, 0.73, 0.70 
2026-08-30T22:33:25Z 102678 21931 421 1.11, 0.74, 0.70 
2026-08-30T22:33:35Z 103083 21526 421 1.09, 0.75, 0.71 
2026-08-30T22:33:46Z 102972 21637 421 1.08, 0.76, 0.71 
2026-08-30T22:33:56Z 102937 21672 421 1.14, 0.79, 0.72 
2026-08-30T22:34:07Z 109573 15036 421 1.12, 0.79, 0.72 
2026-08-30T22:34:18Z 104103 20507 421 1.18, 0.82, 0.73 
2026-08-30T22:34:28Z 104104 20506 421 1.23, 0.84, 0.74 
2026-08-30T22:34:39Z 104098 20511 421 1.20, 0.85, 0.75 
2026-08-30T22:34:49Z 104095 20514 421 1.16, 0.85, 0.75 
2026-08-30T22:35:00Z 104095 20514 421 1.14, 0.86, 0.75 
2026-08-30T22:35:10Z 104108 20501 421 1.20, 0.88, 0.76 
2026-08-30T22:35:21Z 104093 20516 421 1.17, 0.88, 0.76 
2026-08-30T22:35:32Z 104091 20518 421 1.20, 0.91, 0.77 
2026-08-30T22:35:42Z 106329 18281 422 1.17, 0.91, 0.77 
2026-08-30T22:35:53Z 106362 18247 421 1.14, 0.91, 0.78 
2026-08-30T22:36:03Z 106379 18230 421 1.12, 0.92, 0.78 
2026-08-30T22:36:14Z 106410 18199 421 1.10, 0.92, 0.78 
2026-08-30T22:36:25Z 106399 18210 421 1.16, 0.94, 0.79 
2026-08-30T22:36:35Z 106387 18223 421 1.13, 0.94, 0.79 
2026-08-30T22:36:46Z 106385 18224 421 1.11, 0.94, 0.80 
2026-08-30T22:36:57Z 106389 18220 421 1.15, 0.96, 0.81 
2026-08-30T22:37:07Z 106387 18222 421 1.13, 0.97, 0.81 
2026-08-30T22:37:18Z 106387 18223 421 1.11, 0.97, 0.81 
2026-08-30T22:37:28Z 106387 18222 421 1.09, 0.97, 0.82 
2026-08-30T22:37:39Z 106390 18219 421 1.08, 0.97, 0.82 
2026-08-30T22:37:49Z 106381 18229 421 1.07, 0.97, 0.82 
2026-08-30T22:38:00Z 106387 18222 421 1.06, 0.97, 0.82 
2026-08-30T22:38:10Z 106384 18226 421 1.05, 0.97, 0.83 
2026-08-30T22:38:21Z 106408 18201 421 1.20, 1.01, 0.84 
2026-08-30T22:38:32Z 98520 26089 421 1.16, 1.01, 0.84 
2026-08-30T22:38:43Z 98498 26111 421 1.14, 1.01, 0.84 
2026-08-30T22:38:53Z 98576 26033 421 1.12, 1.01, 0.84 
2026-08-30T22:39:04Z 98749 25860 421 1.10, 1.00, 0.85 
2026-08-30T22:39:14Z 98752 25857 421 1.08, 1.00, 0.85 
2026-08-30T22:39:25Z 99079 25530 421 1.07, 1.00, 0.85 
2026-08-30T22:39:35Z 99060 25550 421 1.21, 1.04, 0.86 
2026-08-30T22:39:46Z 99061 25548 421 1.18, 1.03, 0.87 
2026-08-30T22:39:56Z 99733 24876 421 1.14, 1.03, 0.87 
2026-08-30T22:40:07Z 99734 24875 421 1.12, 1.03, 0.87 
2026-08-30T22:40:18Z 99737 24872 421 1.10, 1.03, 0.87 
2026-08-30T22:40:28Z 99764 24845 421 1.16, 1.04, 0.88 
2026-08-30T22:40:39Z 99751 24858 421 1.21, 1.06, 0.89 
2026-08-30T22:40:49Z 99737 24873 421 1.18, 1.06, 0.89 
2026-08-30T22:41:00Z 99741 24868 421 1.15, 1.05, 0.89 
2026-08-30T22:41:10Z 108671 15938 421 1.13, 1.05, 0.89 
2026-08-30T22:41:21Z 108673 15936 421 1.11, 1.05, 0.89 
2026-08-30T22:41:31Z 108692 15917 421 1.16, 1.06, 0.90 
2026-08-30T22:41:42Z 108679 15930 421 1.14, 1.06, 0.90 
2026-08-30T22:41:52Z 97133 27476 421 1.12, 1.06, 0.91 
2026-08-30T22:42:03Z 96843 27766 421 1.10, 1.06, 0.91 
2026-08-30T22:42:13Z 96617 27992 421 1.08, 1.05, 0.91 
2026-08-30T22:42:24Z 98761 25849 421 0.99, 1.04, 0.91 
2026-08-30T22:42:34Z 98813 25796 421 0.84, 1.00, 0.90 
2026-08-30T22:42:45Z 112858 11751 421 1.18, 1.07, 0.92 
2026-08-30T22:42:55Z 113076 11534 421 1.30, 1.10, 0.93 
2026-08-30T22:43:06Z 112600 12010 421 1.41, 1.13, 0.94 
2026-08-30T22:43:16Z 112304 12305 421 1.69, 1.20, 0.97 
2026-08-30T22:43:27Z 112159 12451 421 1.66, 1.21, 0.98 
2026-08-30T22:43:37Z 112170 12439 421 1.56, 1.21, 0.98 
2026-08-30T22:43:48Z 112144 12465 421 1.47, 1.20, 0.98 
2026-08-30T22:43:59Z 112139 12471 421 1.40, 1.19, 0.98 
2026-08-30T22:44:09Z 112136 12473 421 1.34, 1.18, 0.98 
2026-08-30T22:44:20Z 112129 12480 421 1.28, 1.18, 0.98 
2026-08-30T22:44:30Z 112139 12470 421 1.24, 1.17, 0.98 
2026-08-30T22:44:41Z 112150 12459 421 1.20, 1.17, 0.98 
2026-08-30T22:44:51Z 112129 12481 421 1.24, 1.17, 0.99 
2026-08-30T22:45:02Z 112133 12476 421 1.20, 1.17, 0.99 
2026-08-30T22:45:12Z 112134 12475 421 1.17, 1.16, 0.99 
2026-08-30T22:45:23Z 112131 12478 421 1.14, 1.16, 0.99 
2026-08-30T22:45:33Z 112136 12473 421 1.28, 1.18, 1.01 
2026-08-30T22:45:44Z 112137 12472 421 1.24, 1.18, 1.00 
2026-08-30T22:45:55Z 112150 12459 421 1.20, 1.17, 1.00 
2026-08-30T22:46:05Z 112141 12468 421 1.24, 1.18, 1.01 
2026-08-30T22:46:16Z 112137 12472 421 1.13, 1.16, 1.00 
2026-08-30T22:46:26Z 112134 12475 421 1.11, 1.15, 1.00 
2026-08-30T22:46:36Z 112136 12473 421 1.17, 1.16, 1.01 
2026-08-30T22:46:47Z 112140 12469 421 1.06, 1.14, 1.00 
2026-08-30T22:46:58Z 112128 12482 421 1.05, 1.13, 1.00 
2026-08-30T22:47:08Z 121953 2656 421 1.12, 1.15, 1.00 
2026-08-30T22:47:19Z 122409 2201 421 1.10, 1.14, 1.00 
2026-08-30T22:47:29Z 122444 2165 421 1.08, 1.14, 1.00 
2026-08-30T22:47:40Z 122456 2153 421 1.07, 1.13, 1.00 
2026-08-30T22:47:50Z 122465 2144 421 1.06, 1.13, 1.00 
2026-08-30T22:48:01Z 122809 1800 421 1.13, 1.14, 1.01 
2026-08-30T22:48:11Z 122811 1798 421 1.18, 1.15, 1.01 
2026-08-30T22:48:22Z 122811 1798 421 1.15, 1.14, 1.01 
2026-08-30T22:48:32Z 123720 889 475 1.28, 1.17, 1.02 
2026-08-30T22:48:43Z 123750 859 474 1.24, 1.17, 1.02 
2026-08-30T22:48:53Z 123763 846 474 1.20, 1.16, 1.02 
2026-08-30T22:49:04Z 123783 826 474 1.17, 1.15, 1.02 
2026-08-30T22:49:15Z 123797 812 474 1.22, 1.17, 1.02 
2026-08-30T22:49:25Z 123833 776 474 1.18, 1.16, 1.02 
2026-08-30T22:49:36Z 123857 752 474 1.16, 1.15, 1.02 
2026-08-30T22:49:46Z 123857 752 474 1.20, 1.16, 1.02 
2026-08-30T22:49:57Z 123575 1034 644 1.17, 1.16, 1.02 
2026-08-30T22:50:08Z 123306 1303 663 1.22, 1.17, 1.03 
2026-08-30T22:50:19Z 123327 1282 663 1.19, 1.16, 1.03 
2026-08-30T22:50:29Z 123342 1268 663 1.16, 1.16, 1.03 
2026-08-30T22:50:40Z 123356 1254 663 1.13, 1.15, 1.03 
2026-08-30T22:50:50Z 123358 1251 663 1.11, 1.14, 1.02 
2026-08-30T22:51:01Z 123395 1214 663 1.10, 1.14, 1.02 
2026-08-30T22:51:11Z 123388 1221 663 1.08, 1.13, 1.02 
2026-08-30T22:51:22Z 123371 1238 663 1.06, 1.13, 1.02 
2026-08-30T22:51:32Z 123361 1248 663 1.45, 1.21, 1.05 
2026-08-30T22:51:43Z 123359 1250 662 1.38, 1.20, 1.05 
2026-08-30T22:51:53Z 123344 1265 662 1.32, 1.19, 1.05 
2026-08-30T22:52:04Z 123384 1225 662 1.27, 1.18, 1.04 
2026-08-30T22:52:14Z 123375 1235 662 1.23, 1.18, 1.04 
2026-08-30T22:52:25Z 123376 1233 662 1.36, 1.21, 1.05 
2026-08-30T22:52:35Z 123365 1244 662 1.30, 1.20, 1.05 
2026-08-30T22:52:46Z 123363 1246 662 1.25, 1.19, 1.05 
2026-08-30T22:52:56Z 123357 1252 662 1.36, 1.22, 1.06 
2026-08-30T22:53:07Z 123353 1256 662 1.30, 1.21, 1.06 
2026-08-30T22:53:17Z 123354 1256 662 1.25, 1.20, 1.06 
2026-08-30T22:53:28Z 123364 1246 662 1.22, 1.19, 1.06 
2026-08-30T22:53:38Z 123358 1251 662 1.26, 1.20, 1.06 
2026-08-30T22:53:49Z 123361 1248 662 1.22, 1.20, 1.06 
2026-08-30T22:53:59Z 123361 1248 662 1.19, 1.19, 1.06 
2026-08-30T22:54:10Z 123369 1240 662 1.23, 1.20, 1.07 
2026-08-30T22:54:21Z 123374 1235 662 1.20, 1.19, 1.07 
2026-08-30T22:54:31Z 123369 1240 662 1.16, 1.19, 1.06 
2026-08-30T22:54:42Z 123368 1241 662 1.29, 1.21, 1.07 
2026-08-30T22:54:52Z 123362 1247 662 1.24, 1.20, 1.07 
2026-08-30T22:55:03Z 123358 1251 662 1.21, 1.20, 1.07 
2026-08-30T22:55:13Z 123355 1254 662 1.25, 1.20, 1.08 
2026-08-30T22:55:24Z 123357 1252 662 1.45, 1.25, 1.09 
2026-08-30T22:55:34Z 123361 1248 662 1.38, 1.24, 1.09 
2026-08-30T22:55:45Z 123358 1252 662 1.48, 1.26, 1.10 
2026-08-30T22:55:55Z 123362 1248 662 1.41, 1.26, 1.10 
2026-08-30T22:56:06Z 123351 1258 662 1.34, 1.25, 1.10 
2026-08-30T22:56:16Z 123354 1255 662 1.29, 1.24, 1.10 
2026-08-30T22:56:27Z 123355 1254 662 1.31, 1.24, 1.10 
2026-08-30T22:56:37Z 123360 1250 662 1.26, 1.23, 1.10 
2026-08-30T22:56:48Z 123363 1246 662 1.22, 1.23, 1.09 
2026-08-30T22:56:58Z 123369 1240 662 1.18, 1.22, 1.09 
2026-08-30T22:57:09Z 123352 1258 662 1.16, 1.21, 1.09 
2026-08-30T22:57:19Z 123372 1237 662 1.13, 1.20, 1.09 
2026-08-30T22:57:30Z 123359 1250 662 1.11, 1.20, 1.09 
2026-08-30T22:57:40Z 123365 1244 662 1.09, 1.19, 1.09 
2026-08-30T22:57:51Z 123363 1246 662 1.24, 1.22, 1.10 
2026-08-30T22:58:01Z 123364 1245 662 1.20, 1.21, 1.10 
2026-08-30T22:58:12Z 123364 1245 662 1.24, 1.21, 1.10 
2026-08-30T22:58:22Z 123364 1245 662 1.20, 1.21, 1.10 
2026-08-30T22:58:33Z 123365 1244 662 1.17, 1.20, 1.09 
2026-08-30T22:58:43Z 123366 1243 662 1.14, 1.19, 1.09 
2026-08-30T22:58:54Z 123369 1240 662 1.19, 1.20, 1.10 
2026-08-30T22:59:04Z 123360 1250 662 1.16, 1.20, 1.09 
2026-08-30T22:59:15Z 123358 1251 662 1.14, 1.19, 1.09 
2026-08-30T22:59:25Z 123355 1254 662 1.12, 1.18, 1.09 
2026-08-30T22:59:36Z 123354 1255 662 1.10, 1.18, 1.09 
2026-08-30T22:59:46Z 123360 1249 662 1.08, 1.17, 1.09 
2026-08-30T22:59:57Z 123367 1242 662 1.21, 1.19, 1.10 
2026-08-30T23:00:07Z 123369 1240 662 1.18, 1.19, 1.10 
2026-08-30T23:00:18Z 123374 1235 662 1.15, 1.18, 1.09 
2026-08-30T23:00:28Z 123382 1227 662 1.13, 1.17, 1.09 
2026-08-30T23:00:39Z 123370 1239 662 1.11, 1.17, 1.09 
2026-08-30T23:00:49Z 123368 1241 662 1.25, 1.20, 1.10 
2026-08-30T23:01:00Z 123364 1245 662 1.21, 1.19, 1.10 
2026-08-30T23:01:10Z 123365 1244 662 1.18, 1.18, 1.10 
2026-08-30T23:01:21Z 123365 1245 662 1.15, 1.17, 1.09 
2026-08-30T23:01:31Z 123374 1235 662 1.13, 1.17, 1.09 
2026-08-30T23:01:42Z 123368 1241 662 1.17, 1.18, 1.10 
2026-08-30T23:01:52Z 123370 1240 662 1.14, 1.17, 1.09 
2026-08-30T23:02:03Z 123357 1252 662 1.19, 1.18, 1.10 
2026-08-30T23:02:13Z 123361 1248 662 1.16, 1.17, 1.10 
2026-08-30T23:02:24Z 123367 1242 662 1.14, 1.17, 1.09 
2026-08-30T23:02:35Z 123378 1231 662 1.12, 1.16, 1.09 
2026-08-30T23:02:45Z 123371 1238 662 1.10, 1.16, 1.09 
2026-08-30T23:02:56Z 123375 1234 662 1.16, 1.17, 1.10 
2026-08-30T23:03:06Z 123365 1244 662 1.14, 1.16, 1.09 
2026-08-30T23:03:17Z 123365 1244 662 1.19, 1.17, 1.10 
2026-08-30T23:03:27Z 123363 1246 662 1.16, 1.16, 1.09 
2026-08-30T23:03:38Z 123365 1245 662 1.13, 1.16, 1.09 
2026-08-30T23:03:48Z 123362 1247 662 1.11, 1.15, 1.09 
2026-08-30T23:03:59Z 123360 1250 662 1.09, 1.15, 1.09 
2026-08-30T23:04:09Z 123364 1245 662 1.15, 1.16, 1.09 
2026-08-30T23:04:20Z 123379 1230 662 1.13, 1.15, 1.09 
2026-08-30T23:04:30Z 123370 1239 662 1.11, 1.15, 1.09 
2026-08-30T23:04:41Z 123379 1230 662 1.09, 1.14, 1.09 
2026-08-30T23:04:51Z 123368 1241 662 1.08, 1.14, 1.09 
2026-08-30T23:05:02Z 123368 1241 662 1.29, 1.18, 1.10 
2026-08-30T23:05:12Z 123362 1248 662 1.24, 1.17, 1.10 
2026-08-30T23:05:23Z 123363 1246 662 1.29, 1.18, 1.11 
2026-08-30T23:05:33Z 123368 1241 662 1.24, 1.18, 1.10 
2026-08-30T23:05:44Z 123386 1223 662 1.13, 1.15, 1.10 
2026-08-30T23:05:54Z 123366 1243 662 1.11, 1.15, 1.09 
2026-08-30T23:06:05Z 123369 1240 662 1.41, 1.21, 1.11 
2026-08-30T23:06:15Z 123365 1244 662 1.42, 1.22, 1.12 
2026-08-30T23:06:26Z 123365 1244 662 1.36, 1.21, 1.12 
2026-08-30T23:06:36Z 123402 1207 662 1.30, 1.20, 1.11 
2026-08-30T23:06:47Z 123382 1227 662 1.24, 1.19, 1.11 
2026-08-30T23:06:57Z 123372 1238 662 1.20, 1.19, 1.11 
2026-08-30T23:07:08Z 123372 1237 662 1.24, 1.20, 1.11 
2026-08-30T23:07:19Z 123370 1240 662 1.20, 1.19, 1.11 
2026-08-30T23:07:29Z 123376 1233 662 1.17, 1.18, 1.11 
2026-08-30T23:07:40Z 123399 1210 662 1.15, 1.18, 1.11 
2026-08-30T23:07:50Z 123382 1227 662 1.12, 1.17, 1.11 
2026-08-30T23:08:01Z 123376 1234 662 1.10, 1.16, 1.10 
2026-08-30T23:08:11Z 123383 1226 662 1.09, 1.16, 1.10 
2026-08-30T23:08:22Z 123373 1236 662 1.07, 1.15, 1.10 
2026-08-30T23:08:33Z 123372 1237 662 0.90, 1.11, 1.09 
2026-08-30T23:08:43Z 123398 1211 662 0.92, 1.11, 1.08 
2026-08-30T23:08:53Z 123380 1229 662 0.93, 1.10, 1.08 
2026-08-30T23:09:04Z 123376 1234 662 0.94, 1.10, 1.08 
2026-08-30T23:09:15Z 123381 1229 662 0.95, 1.10, 1.08 
2026-08-30T23:09:25Z 123375 1234 662 0.96, 1.09, 1.08 
2026-08-30T23:09:36Z 123376 1233 662 0.97, 1.09, 1.08 
2026-08-30T23:09:46Z 123387 1222 662 0.97, 1.08, 1.08 
2026-08-30T23:09:57Z 123375 1235 662 1.06, 1.10, 1.08 
2026-08-30T23:10:07Z 123368 1242 662 1.05, 1.09, 1.08 
2026-08-30T23:10:18Z 123366 1243 662 1.12, 1.11, 1.09 
2026-08-30T23:10:28Z 123376 1234 662 1.10, 1.10, 1.09 
2026-08-30T23:10:39Z 123369 1240 662 1.16, 1.12, 1.09 
2026-08-30T23:10:49Z 123376 1233 662 1.14, 1.11, 1.09 
2026-08-30T23:11:00Z 123374 1235 662 1.35, 1.16, 1.11 
2026-08-30T23:11:10Z 123371 1238 662 1.29, 1.15, 1.10 
2026-08-30T23:11:21Z 123377 1233 662 1.25, 1.15, 1.10 
2026-08-30T23:11:31Z 123366 1243 662 1.36, 1.17, 1.11 
2026-08-30T23:11:42Z 123366 1243 662 1.44, 1.20, 1.12 
2026-08-30T23:11:53Z 123383 1226 662 1.37, 1.19, 1.12 
2026-08-30T23:12:03Z 123381 1228 662 1.31, 1.19, 1.12 
2026-08-30T23:12:13Z 123371 1238 662 1.27, 1.18, 1.11 
2026-08-30T23:12:24Z 123370 1239 662 1.62, 1.26, 1.14 
2026-08-30T23:12:34Z 123378 1231 662 1.53, 1.25, 1.14 
2026-08-30T23:12:45Z 123380 1230 662 1.45, 1.24, 1.13 
2026-08-30T23:12:55Z 123384 1225 662 1.38, 1.23, 1.13 
2026-08-30T23:13:06Z 123382 1227 662 1.32, 1.22, 1.13 
2026-08-30T23:13:17Z 123378 1231 662 1.27, 1.21, 1.13 
2026-08-30T23:13:27Z 123378 1231 662 1.21, 1.20, 1.13 
2026-08-30T23:13:38Z 123368 1242 662 1.18, 1.20, 1.12 
2026-08-30T23:13:48Z 123371 1238 662 1.15, 1.19, 1.12 
2026-08-30T23:13:59Z 123380 1229 662 1.13, 1.18, 1.12 
2026-08-30T23:14:09Z 123378 1231 662 1.10, 1.18, 1.12 
2026-08-30T23:14:20Z 123366 1243 662 0.93, 1.14, 1.11 
