2026-08-30T21:02:59Z | Mem:          124610        2871      121299          15        1559      121738 Swap:          49151         360       48791  14:03:00 up  2:46,  3 users,  load average: 0.27, 0.53, 1.21 
2026-08-30T21:03:10Z | Mem:          124610        2870      121299          15        1559      121739 Swap:          49151         360       48791  14:03:10 up  2:47,  3 users,  load average: 0.23, 0.51, 1.19 
2026-08-30T21:03:20Z | Mem:          124610        2874      121296          15        1559      121735 Swap:          49151         360       48791  14:03:21 up  2:47,  4 users,  load average: 0.26, 0.50, 1.18 
2026-08-30T21:03:31Z | Mem:          124610        2881      121289          15        1559      121728 Swap:          49151         360       48791  14:03:32 up  2:47,  4 users,  load average: 0.22, 0.48, 1.17 
2026-08-30T21:03:41Z | Mem:          124610        2955      121115          15        1660      121654 Swap:          49151         360       48791  14:03:42 up  2:47,  4 users,  load average: 0.18, 0.47, 1.15 
2026-08-30T21:03:52Z | Mem:          124610        3888      120771          15        1047      120721 Swap:          49151         360       48791  14:03:52 up  2:47,  4 users,  load average: 0.39, 0.50, 1.16 
2026-08-30T21:04:02Z | Mem:          124610        3902      120517          15        1310      120707 Swap:          49151         360       48791  14:04:03 up  2:47,  3 users,  load average: 0.64, 0.55, 1.17 
2026-08-30T21:04:13Z | Mem:          124610        5111      119304          15        1313      119498 Swap:          49151         360       48791  14:04:13 up  2:48,  3 users,  load average: 0.70, 0.57, 1.17 
2026-08-30T21:04:23Z | Mem:          124610       52254       71961        1107        2608       72355 Swap:          49151         360       48791  14:04:26 up  2:48,  4 users,  load average: 1.15, 0.67, 1.19 
2026-08-30T21:04:36Z | Mem:          124610       31965       91831        1107        3029       92644 Swap:          49151         360       48791  14:04:36 up  2:48,  4 users,  load average: 1.12, 0.68, 1.19 
2026-08-30T21:04:46Z | Mem:          124610       43190       80585        1107        3050       81419 Swap:          49151         360       48791  14:04:47 up  2:48,  4 users,  load average: 1.10, 0.69, 1.18 
2026-08-30T21:04:57Z | Mem:          124610       43188       80565        1107        3073       81421 Swap:          49151         360       48791  14:04:57 up  2:48,  4 users,  load average: 1.09, 0.70, 1.18 
2026-08-30T21:05:07Z | Mem:          124610       44627       79099        1107        3101       79982 Swap:          49151         360       48791  14:05:08 up  2:49,  4 users,  load average: 1.07, 0.71, 1.18 
2026-08-30T21:05:18Z | Mem:          124610       42020       81480        1107        3330       82589 Swap:          49151         360       48791  14:05:18 up  2:49,  4 users,  load average: 1.14, 0.74, 1.18 
2026-08-30T21:05:28Z | Mem:          124610       46990       76510        1107        3330       77619 Swap:          49151         360       48791  14:05:29 up  2:49,  4 users,  load average: 1.68, 0.87, 1.22 
2026-08-30T21:05:39Z | Mem:          124610       44464       79035        1107        3330       80145 Swap:          49151         360       48791  14:05:39 up  2:49,  4 users,  load average: 1.58, 0.87, 1.22 
2026-08-30T21:05:49Z | Mem:          124610       49646       73853        1107        3330       74963 Swap:          49151         360       48791  14:05:50 up  2:49,  4 users,  load average: 1.49, 0.87, 1.21 
2026-08-30T21:06:00Z | Mem:          124610       42464       81035        1107        3330       82145 Swap:          49151         360       48791  14:06:01 up  2:49,  4 users,  load average: 1.41, 0.88, 1.21 
2026-08-30T21:06:10Z | Mem:          124610       47246       76253        1107        3330       77363 Swap:          49151         360       48791  14:06:11 up  2:50,  5 users,  load average: 1.32, 0.89, 1.21 
2026-08-30T21:06:21Z | Mem:          124610       46709       76789        1107        3330       77900 Swap:          49151         360       48791  14:06:22 up  2:50,  4 users,  load average: 1.27, 0.89, 1.20 
2026-08-30T21:06:32Z | Mem:          124610       40046       83429        1107        3354       84563 Swap:          49151         360       48791  14:06:32 up  2:50,  4 users,  load average: 1.23, 0.89, 1.20 
2026-08-30T21:06:42Z | Mem:          124610       49689       73632        1113        3516       74920 Swap:          49151         360       48791  14:06:43 up  2:50,  4 users,  load average: 1.51, 0.96, 1.22 
2026-08-30T21:06:53Z | Mem:          124610       95923       27410        1117        3508       28687 Swap:          49151         360       48791  14:06:53 up  2:50,  4 users,  load average: 1.43, 0.97, 1.22 
2026-08-30T21:07:03Z | Mem:          124610      103518       19811        1113        3509       21092 Swap:          49151         360       48791  14:07:04 up  2:51,  4 users,  load average: 1.36, 0.97, 1.21 
2026-08-30T21:07:14Z | Mem:          124610      104179       19149        1113        3509       20430 Swap:          49151         360       48791  14:07:14 up  2:51,  4 users,  load average: 1.38, 0.99, 1.22 
2026-08-30T21:07:24Z | Mem:          124610      103180       20148        1113        3509       21429 Swap:          49151         360       48791  14:07:25 up  2:51,  4 users,  load average: 1.32, 0.99, 1.21 
2026-08-30T21:07:35Z | Mem:          124610      103555       19773        1113        3509       21055 Swap:          49151         360       48791  14:07:35 up  2:51,  4 users,  load average: 1.27, 0.99, 1.21 
2026-08-30T21:07:45Z | Mem:          124610      103422       19906        1113        3509       21188 Swap:          49151         360       48791  14:07:46 up  2:51,  4 users,  load average: 1.21, 0.99, 1.21 
2026-08-30T21:07:56Z | Mem:          124610      103300       20028        1113        3509       21309 Swap:          49151         360       48791  14:07:57 up  2:51,  4 users,  load average: 1.25, 1.01, 1.21 
2026-08-30T21:08:07Z | Mem:          124610      103230       20098        1113        3509       21379 Swap:          49151         360       48791  14:08:07 up  2:52,  4 users,  load average: 1.29, 1.02, 1.21 
2026-08-30T21:08:17Z | Mem:          124610      104378       18949        1113        3509       20231 Swap:          49151         360       48791  14:08:18 up  2:52,  4 users,  load average: 1.24, 1.02, 1.21 
2026-08-30T21:08:28Z | Mem:          124610      104367       18960        1113        3509       20242 Swap:          49151         360       48791  14:08:28 up  2:52,  4 users,  load average: 1.20, 1.02, 1.21 
2026-08-30T21:08:38Z | Mem:          124610      104394       18933        1113        3509       20215 Swap:          49151         360       48791  14:08:39 up  2:52,  4 users,  load average: 1.17, 1.02, 1.20 
2026-08-30T21:08:49Z | Mem:          124610      104376       18952        1113        3509       20233 Swap:          49151         360       48791  14:08:49 up  2:52,  4 users,  load average: 1.15, 1.02, 1.20 
2026-08-30T21:08:59Z | Mem:          124610      104375       18952        1113        3510       20234 Swap:          49151         360       48791  14:09:00 up  2:52,  4 users,  load average: 1.12, 1.02, 1.20 
2026-08-30T21:09:10Z | Mem:          124610      104379       18949        1113        3510       20231 Swap:          49151         360       48791  14:09:10 up  2:53,  4 users,  load average: 1.10, 1.02, 1.19 
2026-08-30T21:09:20Z | Mem:          124610      104373       18955        1113        3510       20237 Swap:          49151         360       48791  14:09:21 up  2:53,  4 users,  load average: 1.23, 1.05, 1.20 
2026-08-30T21:09:31Z | Mem:          124610      104365       18962        1113        3510       20244 Swap:          49151         360       48791  14:09:32 up  2:53,  4 users,  load average: 1.20, 1.05, 1.20 
2026-08-30T21:09:42Z | Mem:          124610      107043       16284        1113        3510       17566 Swap:          49151         360       48791  14:09:42 up  2:53,  4 users,  load average: 1.17, 1.04, 1.20 
2026-08-30T21:09:52Z | Mem:          124610        2723      121509          10        1395      121887 Swap:          49151         400       48751  14:09:53 up  2:53,  3 users,  load average: 1.06, 1.03, 1.19 
2026-08-30T21:10:03Z | Mem:          124610        2730      121495          10        1402      121879 Swap:          49151         400       48751  14:10:03 up  2:53,  3 users,  load average: 0.90, 0.99, 1.17 
2026-08-30T21:10:13Z | Mem:          124610        2735      121489          10        1403      121874 Swap:          49151         400       48751  14:10:13 up  2:54,  3 users,  load average: 0.76, 0.96, 1.16 
2026-08-30T21:10:23Z | Mem:          124610        2730      121492          10        1406      121879 Swap:          49151         400       48751  14:10:24 up  2:54,  3 users,  load average: 0.64, 0.93, 1.15 
2026-08-30T21:10:34Z | Mem:          124610        2735      121485          10        1407      121874 Swap:          49151         400       48751  14:10:34 up  2:54,  3 users,  load average: 0.54, 0.90, 1.14 
2026-08-30T21:10:44Z | Mem:          124610        2727      121471          10        1428      121882 Swap:          49151         400       48751  14:10:45 up  2:54,  3 users,  load average: 0.46, 0.87, 1.12 
2026-08-30T21:10:55Z | Mem:          124610        2733      121462          10        1431      121876 Swap:          49151         400       48751  14:10:55 up  2:54,  3 users,  load average: 0.39, 0.84, 1.11 
2026-08-30T21:11:05Z | Mem:          124610        2741      121454          10        1431      121868 Swap:          49151         400       48751  14:11:06 up  2:55,  3 users,  load average: 0.30, 0.80, 1.09 
2026-08-30T21:11:16Z | Mem:          124610        2733      121462          10        1432      121876 Swap:          49151         400       48751  14:11:16 up  2:55,  3 users,  load average: 0.25, 0.77, 1.08 
2026-08-30T21:11:26Z | Mem:          124610        2734      121452          10        1441      121875 Swap:          49151         400       48751  14:11:27 up  2:55,  3 users,  load average: 0.21, 0.74, 1.07 
2026-08-30T21:11:37Z | Mem:          124610        2739      122488          10         336      121870 Swap:          49151         399       48752  14:11:37 up  2:55,  4 users,  load average: 0.26, 0.74, 1.06 
2026-08-30T21:11:47Z | Mem:          124610        3679      120828          10        1119      120930 Swap:          49151         399       48752  14:11:48 up  2:55,  4 users,  load average: 0.46, 0.76, 1.07 
2026-08-30T21:11:57Z | Mem:          124610        4549      119781          10        1300      120060 Swap:          49151         399       48752  14:11:58 up  2:55,  4 users,  load average: 0.54, 0.77, 1.07 
2026-08-30T21:12:08Z | Mem:          124610        5216      119011          52        1446      119393 Swap:          49151         399       48752  14:12:08 up  2:56,  4 users,  load average: 0.85, 0.83, 1.08 
2026-08-30T21:12:18Z | Mem:          124610       54172       69974        1102        2579       70437 Swap:          49151         399       48752  14:12:19 up  2:56,  4 users,  load average: 0.87, 0.83, 1.08 
2026-08-30T21:12:29Z | Mem:          124610       44426       79083        1102        3218       80183 Swap:          49151         399       48752  14:12:29 up  2:56,  4 users,  load average: 0.89, 0.84, 1.08 
2026-08-30T21:12:39Z | Mem:          124610       37364       86144        1102        3221       87246 Swap:          49151         399       48752  14:12:40 up  2:56,  4 users,  load average: 0.91, 0.84, 1.08 
2026-08-30T21:12:50Z | Mem:          124610       37804       85703        1102        3221       86805 Swap:          49151         399       48752  14:12:50 up  2:56,  4 users,  load average: 0.92, 0.85, 1.08 
2026-08-30T21:13:00Z | Mem:          124610       37525       85982        1102        3221       87084 Swap:          49151         399       48752  14:13:01 up  2:56,  4 users,  load average: 1.02, 0.87, 1.08 
2026-08-30T21:13:11Z | Mem:          124610       44843       78664        1102        3221       79766 Swap:          49151         399       48752  14:13:11 up  2:57,  4 users,  load average: 1.02, 0.88, 1.08 
2026-08-30T21:13:21Z | Mem:          124610       48105       75402        1102        3222       76504 Swap:          49151         399       48752  14:13:22 up  2:57,  4 users,  load average: 1.09, 0.90, 1.09 
2026-08-30T21:13:32Z | Mem:          124610       45673       77834        1102        3222       78937 Swap:          49151         399       48752  14:13:33 up  2:57,  4 users,  load average: 1.08, 0.90, 1.08 
2026-08-30T21:13:42Z | Mem:          124610       49206       74147        1108        3382       75404 Swap:          49151         399       48752  14:13:43 up  2:57,  4 users,  load average: 1.23, 0.94, 1.10 
2026-08-30T21:13:53Z | Mem:          124610      103318       20015        1108        3402       21291 Swap:          49151         399       48752  14:13:53 up  2:57,  4 users,  load average: 1.19, 0.94, 1.09 
2026-08-30T21:14:03Z | Mem:          124610      103118       20226        1108        3392       21491 Swap:          49151         399       48752  14:14:04 up  2:58,  4 users,  load average: 1.31, 0.98, 1.10 
2026-08-30T21:14:14Z | Mem:          124610      102826       20518        1108        3392       21784 Swap:          49151         399       48752  14:14:14 up  2:58,  4 users,  load average: 1.26, 0.98, 1.10 
2026-08-30T21:14:24Z | Mem:          124610      102892       20451        1108        3392       21717 Swap:          49151         399       48752  14:14:25 up  2:58,  4 users,  load average: 1.30, 1.00, 1.10 
2026-08-30T21:14:35Z | Mem:          124610      103246       20097        1108        3392       21363 Swap:          49151         399       48752  14:14:35 up  2:58,  4 users,  load average: 1.25, 1.00, 1.10 
2026-08-30T21:14:45Z | Mem:          124610      103113       20231        1108        3392       21496 Swap:          49151         399       48752  14:14:46 up  2:58,  4 users,  load average: 1.43, 1.05, 1.12 
2026-08-30T21:14:56Z | Mem:          124610      103046       20297        1108        3393       21563 Swap:          49151         399       48752  14:14:56 up  2:58,  4 users,  load average: 1.36, 1.05, 1.11 
2026-08-30T21:15:06Z | Mem:          124610      103011       20332        1108        3393       21599 Swap:          49151         399       48752  14:15:07 up  2:59,  4 users,  load average: 1.31, 1.04, 1.11 
2026-08-30T21:15:17Z | Mem:          124610      104191       19152        1108        3393       20418 Swap:          49151         399       48752  14:15:17 up  2:59,  4 users,  load average: 1.26, 1.04, 1.11 
2026-08-30T21:15:27Z | Mem:          124610      104190       19153        1108        3393       20419 Swap:          49151         399       48752  14:15:28 up  2:59,  4 users,  load average: 1.22, 1.04, 1.11 
2026-08-30T21:15:38Z | Mem:          124610      104190       19153        1108        3393       20419 Swap:          49151         399       48752  14:15:38 up  2:59,  4 users,  load average: 1.18, 1.04, 1.11 
2026-08-30T21:15:48Z | Mem:          124610      104192       19151        1108        3393       20417 Swap:          49151         399       48752  14:15:49 up  2:59,  4 users,  load average: 1.23, 1.05, 1.11 
2026-08-30T21:15:59Z | Mem:          124610      104215       19128        1108        3393       20394 Swap:          49151         399       48752  14:16:00 up  2:59,  4 users,  load average: 1.19, 1.05, 1.11 
2026-08-30T21:16:09Z | Mem:          124610      104192       19150        1108        3393       20417 Swap:          49151         399       48752  14:16:10 up  3:00,  4 users,  load average: 1.16, 1.05, 1.11 
2026-08-30T21:16:20Z | Mem:          124610      104199       19144        1108        3393       20410 Swap:          49151         399       48752  14:16:21 up  3:00,  4 users,  load average: 1.14, 1.05, 1.10 
2026-08-30T21:16:31Z | Mem:          124610      104182       19160        1108        3393       20427 Swap:          49151         399       48752  14:16:31 up  3:00,  4 users,  load average: 1.11, 1.05, 1.10 
2026-08-30T21:16:41Z | Mem:          124610      104188       19155        1108        3393       20422 Swap:          49151         399       48752  14:16:42 up  3:00,  4 users,  load average: 1.09, 1.04, 1.10 
2026-08-30T21:16:51Z | Mem:          124610      106463       17636        1108        2654       18147 Swap:          49151         402       48749  14:16:52 up  3:00,  4 users,  load average: 1.08, 1.04, 1.10 
2026-08-30T21:17:02Z | Mem:          124610      106486       17600        1108        2666       18123 Swap:          49151         402       48749  14:17:03 up  3:00,  4 users,  load average: 1.06, 1.04, 1.10 
2026-08-30T21:17:12Z | Mem:          124610      106497       17590        1108        2666       18112 Swap:          49151         402       48749  14:17:13 up  3:01,  4 users,  load average: 1.05, 1.04, 1.09 
2026-08-30T21:17:23Z | Mem:          124610      106504       17582        1108        2666       18105 Swap:          49151         402       48749  14:17:24 up  3:01,  4 users,  load average: 1.04, 1.04, 1.09 
2026-08-30T21:17:33Z | Mem:          124610      106497       17589        1108        2666       18112 Swap:          49151         402       48749  14:17:34 up  3:01,  4 users,  load average: 1.20, 1.07, 1.10 
2026-08-30T21:17:44Z | Mem:          124610      106506       17580        1108        2666       18103 Swap:          49151         402       48749  14:17:45 up  3:01,  4 users,  load average: 1.17, 1.06, 1.10 
2026-08-30T21:17:54Z | Mem:          124610      106511       17575        1108        2666       18098 Swap:          49151         402       48749  14:17:55 up  3:01,  4 users,  load average: 1.14, 1.06, 1.10 
2026-08-30T21:18:05Z | Mem:          124610      106526       17560        1108        2666       18083 Swap:          49151         402       48749  14:18:06 up  3:02,  4 users,  load average: 1.12, 1.06, 1.10 
2026-08-30T21:18:16Z | Mem:          124610      106517       17569        1108        2666       18093 Swap:          49151         402       48749  14:18:16 up  3:02,  4 users,  load average: 1.09, 1.06, 1.09 
2026-08-30T21:18:26Z | Mem:          124610      106510       17576        1108        2666       18099 Swap:          49151         402       48749  14:18:27 up  3:02,  4 users,  load average: 1.08, 1.05, 1.09 
2026-08-30T21:18:37Z | Mem:          124610      106507       17579        1108        2667       18102 Swap:          49151         402       48749  14:18:37 up  3:02,  4 users,  load average: 1.06, 1.05, 1.09 
2026-08-30T21:18:47Z | Mem:          124610      106501       17584        1108        2667       18108 Swap:          49151         402       48749  14:18:48 up  3:02,  4 users,  load average: 1.05, 1.05, 1.09 
2026-08-30T21:18:58Z | Mem:          124610      106504       17582        1108        2667       18105 Swap:          49151         402       48749  14:18:58 up  3:02,  4 users,  load average: 1.19, 1.08, 1.10 
2026-08-30T21:19:08Z | Mem:          124610      106530       17556        1108        2667       18079 Swap:          49151         402       48749  14:19:09 up  3:03,  4 users,  load average: 1.16, 1.08, 1.10 
2026-08-30T21:19:19Z | Mem:          124610      106499       17586        1108        2667       18110 Swap:          49151         402       48749  14:19:20 up  3:03,  4 users,  load average: 1.14, 1.08, 1.09 
2026-08-30T21:19:30Z | Mem:          124610      110613       13472        1108        2667       13996 Swap:          49151         402       48749  14:19:30 up  3:03,  4 users,  load average: 1.12, 1.07, 1.09 
2026-08-30T21:19:40Z | Mem:          124610        2782      122267           7         686      121827 Swap:          49151         427       48724  14:19:41 up  3:03,  3 users,  load average: 1.17, 1.09, 1.10 
2026-08-30T21:19:51Z | Mem:          124610        2796      122251           7         692      121813 Swap:          49151         426       48725  14:19:51 up  3:03,  3 users,  load average: 0.91, 1.03, 1.08 
2026-08-30T21:20:01Z | Mem:          124610        2798      122246           7         697      121811 Swap:          49151         426       48725  14:20:02 up  3:03,  3 users,  load average: 0.77, 1.00, 1.07 
2026-08-30T21:20:12Z | Mem:          124610        2814      122221           7         717      121796 Swap:          49151         426       48725  14:20:13 up  3:04,  4 users,  load average: 0.65, 0.96, 1.06 
2026-08-30T21:20:23Z | Mem:          124610        2821      122212           7         719      121788 Swap:          49151         426       48725  14:20:23 up  3:04,  3 users,  load average: 0.55, 0.93, 1.04 
2026-08-30T21:20:33Z | Mem:          124610        2824      122209           7         719      121785 Swap:          49151         426       48725  14:20:34 up  3:04,  3 users,  load average: 0.46, 0.90, 1.03 
2026-08-30T21:20:44Z | Mem:          124610        2829      122204           7         720      121780 Swap:          49151         426       48725  14:20:44 up  3:04,  3 users,  load average: 0.39, 0.87, 1.02 
2026-08-30T21:20:54Z | Mem:          124610        2830      122200           7         726      121779 Swap:          49151         425       48726  14:20:55 up  3:04,  3 users,  load average: 0.33, 0.84, 1.01 
