Aug 30 13:42:34 spark-6f0e kernel: audit: type=1400 audit(1788122554.816:223): apparmor="DENIED" operation="capable" class="cap" profile="ubuntu_pro_esm_cache_systemd_detect_virt" pid=246196 comm="systemd-detect-" capability=38  capname="perfmon"
Aug 30 13:42:34 spark-6f0e kernel: audit: type=1400 audit(1788122554.818:224): apparmor="DENIED" operation="capable" class="cap" profile="ubuntu_pro_esm_cache//cloud_id" pid=246113 comm="cloud-id" capability=38  capname="perfmon"
Aug 30 14:03:39 spark-6f0e kernel: docker0: port 1(veth4574635) entered blocking state
Aug 30 14:03:39 spark-6f0e kernel: docker0: port 1(veth4574635) entered disabled state
Aug 30 14:03:39 spark-6f0e kernel: veth4574635: entered allmulticast mode
Aug 30 14:03:39 spark-6f0e kernel: veth4574635: entered promiscuous mode
Aug 30 14:03:39 spark-6f0e kernel: eth0: renamed from vethd9dc003
Aug 30 14:03:39 spark-6f0e kernel: docker0: port 1(veth4574635) entered blocking state
Aug 30 14:03:39 spark-6f0e kernel: docker0: port 1(veth4574635) entered forwarding state
Aug 30 14:03:40 spark-6f0e kernel: docker0: port 1(veth4574635) entered disabled state
Aug 30 14:03:40 spark-6f0e kernel: vethd9dc003: renamed from eth0
Aug 30 14:03:40 spark-6f0e kernel: docker0: port 1(veth4574635) entered disabled state
Aug 30 14:03:40 spark-6f0e kernel: veth4574635 (unregistering): left allmulticast mode
Aug 30 14:03:40 spark-6f0e kernel: veth4574635 (unregistering): left promiscuous mode
Aug 30 14:03:40 spark-6f0e kernel: docker0: port 1(veth4574635) entered disabled state
Aug 30 14:03:43 spark-6f0e kernel: tee (312729): drop_caches: 3
Aug 30 14:09:43 spark-6f0e kernel: NVRM: nvCheckOkFailedNoLog: Check failed: Out of memory [NV_ERR_NO_MEMORY] (0x00000051) returned from _memdescAllocInternal(pMemDesc) @ mem_desc.c:1359
Aug 30 14:09:43 spark-6f0e kernel: NVRM: nvCheckOkFailedNoLog: Check failed: Out of memory [NV_ERR_NO_MEMORY] (0x00000051) returned from _memdescAllocInternal(pMemDesc) @ mem_desc.c:1359
Aug 30 14:11:33 spark-6f0e kernel: docker0: port 1(veth24d5699) entered blocking state
Aug 30 14:11:33 spark-6f0e kernel: docker0: port 1(veth24d5699) entered disabled state
Aug 30 14:11:33 spark-6f0e kernel: veth24d5699: entered allmulticast mode
Aug 30 14:11:33 spark-6f0e kernel: veth24d5699: entered promiscuous mode
Aug 30 14:11:33 spark-6f0e kernel: eth0: renamed from veth2c2db48
Aug 30 14:11:33 spark-6f0e kernel: docker0: port 1(veth24d5699) entered blocking state
Aug 30 14:11:33 spark-6f0e kernel: docker0: port 1(veth24d5699) entered forwarding state
Aug 30 14:11:33 spark-6f0e kernel: docker0: port 1(veth24d5699) entered disabled state
Aug 30 14:11:33 spark-6f0e kernel: veth2c2db48: renamed from eth0
Aug 30 14:11:33 spark-6f0e kernel: docker0: port 1(veth24d5699) entered disabled state
Aug 30 14:11:33 spark-6f0e kernel: veth24d5699 (unregistering): left allmulticast mode
Aug 30 14:11:33 spark-6f0e kernel: veth24d5699 (unregistering): left promiscuous mode
Aug 30 14:11:33 spark-6f0e kernel: docker0: port 1(veth24d5699) entered disabled state
Aug 30 14:11:36 spark-6f0e kernel: tee (336844): drop_caches: 3
Aug 30 14:19:31 spark-6f0e kernel: NVRM: nvCheckOkFailedNoLog: Check failed: Out of memory [NV_ERR_NO_MEMORY] (0x00000051) returned from _memdescAllocInternal(pMemDesc) @ mem_desc.c:1359
Aug 30 14:19:31 spark-6f0e kernel: NVRM: nvCheckOkFailedNoLog: Check failed: Out of memory [NV_ERR_NO_MEMORY] (0x00000051) returned from _memdescAllocInternal(pMemDesc) @ mem_desc.c:1359
Aug 30 14:19:31 spark-6f0e kernel: NVRM: nvCheckOkFailedNoLog: Check failed: Out of memory [NV_ERR_NO_MEMORY] (0x00000051) returned from _memdescAllocInternal(pMemDesc) @ mem_desc.c:1359
Aug 30 14:19:31 spark-6f0e kernel: NVRM: nvCheckOkFailedNoLog: Check failed: Out of memory [NV_ERR_NO_MEMORY] (0x00000051) returned from _memdescAllocInternal(pMemDesc) @ mem_desc.c:1359
Aug 30 14:19:31 spark-6f0e kernel: NVRM: nvCheckOkFailedNoLog: Check failed: Out of memory [NV_ERR_NO_MEMORY] (0x00000051) returned from _memdescAllocInternal(pMemDesc) @ mem_desc.c:1359
Aug 30 14:19:31 spark-6f0e kernel: NVRM: nvCheckOkFailedNoLog: Check failed: Out of memory [NV_ERR_NO_MEMORY] (0x00000051) returned from _memdescAllocInternal(pMemDesc) @ mem_desc.c:1359
Aug 30 14:19:31 spark-6f0e kernel: NVRM: nvCheckOkFailedNoLog: Check failed: Out of memory [NV_ERR_NO_MEMORY] (0x00000051) returned from _memdescAllocInternal(pMemDesc) @ mem_desc.c:1359
Aug 30 14:19:31 spark-6f0e kernel: NVRM: nvCheckOkFailedNoLog: Check failed: Out of memory [NV_ERR_NO_MEMORY] (0x00000051) returned from _memdescAllocInternal(pMemDesc) @ mem_desc.c:1359
Aug 30 14:19:31 spark-6f0e kernel: NVRM: nvCheckOkFailedNoLog: Check failed: Out of memory [NV_ERR_NO_MEMORY] (0x00000051) returned from _memdescAllocInternal(pMemDesc) @ mem_desc.c:1359
Aug 30 14:19:31 spark-6f0e kernel: NVRM: nvCheckOkFailedNoLog: Check failed: Out of memory [NV_ERR_NO_MEMORY] (0x00000051) returned from _memdescAllocInternal(pMemDesc) @ mem_desc.c:1359
Aug 30 14:19:33 spark-6f0e kernel: NVRM: nvCheckOkFailedNoLog: Check failed: Out of memory [NV_ERR_NO_MEMORY] (0x00000051) returned from _memdescAllocInternal(pMemDesc) @ mem_desc.c:1359
Aug 30 14:19:33 spark-6f0e kernel: NVRM: nvCheckOkFailedNoLog: Check failed: Out of memory [NV_ERR_NO_MEMORY] (0x00000051) returned from _memdescAllocInternal(pMemDesc) @ mem_desc.c:1359
Aug 30 14:19:33 spark-6f0e kernel: NVRM: nvCheckOkFailedNoLog: Check failed: Out of memory [NV_ERR_NO_MEMORY] (0x00000051) returned from _memdescAllocInternal(pMemDesc) @ mem_desc.c:1359
Aug 30 14:19:33 spark-6f0e kernel: NVRM: nvCheckOkFailedNoLog: Check failed: Out of memory [NV_ERR_NO_MEMORY] (0x00000051) returned from _memdescAllocInternal(pMemDesc) @ mem_desc.c:1359
Aug 30 14:19:33 spark-6f0e kernel: NVRM: nvCheckOkFailedNoLog: Check failed: Out of memory [NV_ERR_NO_MEMORY] (0x00000051) returned from _memdescAllocInternal(pMemDesc) @ mem_desc.c:1359
Aug 30 14:19:33 spark-6f0e kernel: NVRM: nvCheckOkFailedNoLog: Check failed: Out of memory [NV_ERR_NO_MEMORY] (0x00000051) returned from _memdescAllocInternal(pMemDesc) @ mem_desc.c:1359
Aug 30 14:19:33 spark-6f0e kernel: NVRM: nvCheckOkFailedNoLog: Check failed: Out of memory [NV_ERR_NO_MEMORY] (0x00000051) returned from _memdescAllocInternal(pMemDesc) @ mem_desc.c:1359
